Component: Arm Compiler for Embedded 6.18 Tool: armlink [5e4cc100]

==============================================================================

Section Cross References

    main.o(.text.main) refers to ti_msp_dl_config.o(.text.SYSCFG_DL_init) for SYSCFG_DL_init
    main.o(.text.main) refers to app_main.o(.text.app_main_init) for app_main_init
    main.o(.text.main) refers to tasks.o(.text.vTaskStartScheduler) for vTaskStartScheduler
    main.o(.ARM.exidx.text.main) refers to main.o(.text.main) for [Anonymous Symbol]
    main.o(.text.vApplicationGetIdleTaskMemory) refers to main.o(.bss.vApplicationGetIdleTaskMemory.s_idle_task_tcb) for [Anonymous Symbol]
    main.o(.text.vApplicationGetIdleTaskMemory) refers to main.o(.bss.vApplicationGetIdleTaskMemory.s_idle_task_stack) for [Anonymous Symbol]
    main.o(.ARM.exidx.text.vApplicationGetIdleTaskMemory) refers to main.o(.text.vApplicationGetIdleTaskMemory) for [Anonymous Symbol]
    main.o(.text.vApplicationGetTimerTaskMemory) refers to main.o(.bss.vApplicationGetTimerTaskMemory.s_timer_task_tcb) for [Anonymous Symbol]
    main.o(.text.vApplicationGetTimerTaskMemory) refers to main.o(.bss.vApplicationGetTimerTaskMemory.s_timer_task_stack) for [Anonymous Symbol]
    main.o(.ARM.exidx.text.vApplicationGetTimerTaskMemory) refers to main.o(.text.vApplicationGetTimerTaskMemory) for [Anonymous Symbol]
    main.o(.ARM.exidx.text.vApplicationStackOverflowHook) refers to main.o(.text.vApplicationStackOverflowHook) for [Anonymous Symbol]
    ti_msp_dl_config.o(.text.SYSCFG_DL_init) refers to ti_msp_dl_config.o(.text.SYSCFG_DL_initPower) for SYSCFG_DL_initPower
    ti_msp_dl_config.o(.text.SYSCFG_DL_init) refers to ti_msp_dl_config.o(.text.SYSCFG_DL_GPIO_init) for SYSCFG_DL_GPIO_init
    ti_msp_dl_config.o(.text.SYSCFG_DL_init) refers to ti_msp_dl_config.o(.text.SYSCFG_DL_SYSCTL_init) for SYSCFG_DL_SYSCTL_init
    ti_msp_dl_config.o(.text.SYSCFG_DL_init) refers to ti_msp_dl_config.o(.text.SYSCFG_DL_PWM_MOTOR_init) for SYSCFG_DL_PWM_MOTOR_init
    ti_msp_dl_config.o(.text.SYSCFG_DL_init) refers to ti_msp_dl_config.o(.text.SYSCFG_DL_CAPTURE_LEFT_FRONT_init) for SYSCFG_DL_CAPTURE_LEFT_FRONT_init
    ti_msp_dl_config.o(.text.SYSCFG_DL_init) refers to ti_msp_dl_config.o(.text.SYSCFG_DL_CAPTURE_LEFT_BACK_init) for SYSCFG_DL_CAPTURE_LEFT_BACK_init
    ti_msp_dl_config.o(.text.SYSCFG_DL_init) refers to ti_msp_dl_config.o(.text.SYSCFG_DL_CAPTURE_RIGHT_FRONT_init) for SYSCFG_DL_CAPTURE_RIGHT_FRONT_init
    ti_msp_dl_config.o(.text.SYSCFG_DL_init) refers to ti_msp_dl_config.o(.text.SYSCFG_DL_CAPTURE_RIGHT_BACK_init) for SYSCFG_DL_CAPTURE_RIGHT_BACK_init
    ti_msp_dl_config.o(.text.SYSCFG_DL_init) refers to ti_msp_dl_config.o(.text.SYSCFG_DL_TIMER_0_init) for SYSCFG_DL_TIMER_0_init
    ti_msp_dl_config.o(.text.SYSCFG_DL_init) refers to ti_msp_dl_config.o(.text.SYSCFG_DL_UART_0_DEBUG_init) for SYSCFG_DL_UART_0_DEBUG_init
    ti_msp_dl_config.o(.text.SYSCFG_DL_init) refers to ti_msp_dl_config.o(.text.SYSCFG_DL_ADC_VOLTAGE_init) for SYSCFG_DL_ADC_VOLTAGE_init
    ti_msp_dl_config.o(.text.SYSCFG_DL_init) refers to ti_msp_dl_config.o(.text.SYSCFG_DL_SYSCTL_CLK_init) for SYSCFG_DL_SYSCTL_CLK_init
    ti_msp_dl_config.o(.text.SYSCFG_DL_init) refers to ti_msp_dl_config.o(.bss.gPWM_MOTORBackup) for gPWM_MOTORBackup
    ti_msp_dl_config.o(.text.SYSCFG_DL_init) refers to ti_msp_dl_config.o(.bss.gCAPTURE_LEFT_BACKBackup) for gCAPTURE_LEFT_BACKBackup
    ti_msp_dl_config.o(.text.SYSCFG_DL_init) refers to ti_msp_dl_config.o(.bss.gCAPTURE_RIGHT_FRONTBackup) for gCAPTURE_RIGHT_FRONTBackup
    ti_msp_dl_config.o(.text.SYSCFG_DL_init) refers to ti_msp_dl_config.o(.bss.gTIMER_0Backup) for gTIMER_0Backup
    ti_msp_dl_config.o(.ARM.exidx.text.SYSCFG_DL_init) refers to ti_msp_dl_config.o(.text.SYSCFG_DL_init) for [Anonymous Symbol]
    ti_msp_dl_config.o(.text.SYSCFG_DL_initPower) refers to ti_msp_dl_config.o(.text.DL_GPIO_reset) for DL_GPIO_reset
    ti_msp_dl_config.o(.text.SYSCFG_DL_initPower) refers to ti_msp_dl_config.o(.text.DL_Timer_reset) for DL_Timer_reset
    ti_msp_dl_config.o(.text.SYSCFG_DL_initPower) refers to ti_msp_dl_config.o(.text.DL_UART_reset) for DL_UART_reset
    ti_msp_dl_config.o(.text.SYSCFG_DL_initPower) refers to ti_msp_dl_config.o(.text.DL_ADC12_reset) for DL_ADC12_reset
    ti_msp_dl_config.o(.text.SYSCFG_DL_initPower) refers to ti_msp_dl_config.o(.text.DL_GPIO_enablePower) for DL_GPIO_enablePower
    ti_msp_dl_config.o(.text.SYSCFG_DL_initPower) refers to ti_msp_dl_config.o(.text.DL_Timer_enablePower) for DL_Timer_enablePower
    ti_msp_dl_config.o(.text.SYSCFG_DL_initPower) refers to ti_msp_dl_config.o(.text.DL_UART_enablePower) for DL_UART_enablePower
    ti_msp_dl_config.o(.text.SYSCFG_DL_initPower) refers to ti_msp_dl_config.o(.text.DL_ADC12_enablePower) for DL_ADC12_enablePower
    ti_msp_dl_config.o(.text.SYSCFG_DL_initPower) refers to dl_common.o(.text.DL_Common_delayCycles) for DL_Common_delayCycles
[...]
    prvCheckForValidListAndQueue.xStaticTimerQueue 0x202003c8   Data          80  timers.o(.bss.prvCheckForValidListAndQueue.xStaticTimerQueue)
    [Anonymous Symbol]                       0x202003c8   Section        0  timers.o(.bss.prvCheckForValidListAndQueue.xStaticTimerQueue)
    prvSampleTimeNow.xLastTime               0x20200418   Data           4  timers.o(.bss.prvSampleTimeNow.xLastTime)
    [Anonymous Symbol]                       0x20200418   Section        0  timers.o(.bss.prvSampleTimeNow.xLastTime)
    pxCurrentTimerList                       0x20200420   Data           4  timers.o(.bss.pxCurrentTimerList)
    [Anonymous Symbol]                       0x20200420   Section        0  timers.o(.bss.pxCurrentTimerList)
    pxDelayedTaskList                        0x20200424   Data           4  tasks.o(.bss.pxDelayedTaskList)
    [Anonymous Symbol]                       0x20200424   Section        0  tasks.o(.bss.pxDelayedTaskList)
    pxEnd                                    0x20200428   Data           4  heap_4.o(.bss.pxEnd)
    [Anonymous Symbol]                       0x20200428   Section        0  heap_4.o(.bss.pxEnd)
    pxOverflowDelayedTaskList                0x2020042c   Data           4  tasks.o(.bss.pxOverflowDelayedTaskList)
    [Anonymous Symbol]                       0x2020042c   Section        0  tasks.o(.bss.pxOverflowDelayedTaskList)
    pxOverflowTimerList                      0x20200430   Data           4  timers.o(.bss.pxOverflowTimerList)
    [Anonymous Symbol]                       0x20200430   Section        0  timers.o(.bss.pxOverflowTimerList)
    pxReadyTasksLists                        0x20200434   Data         200  tasks.o(.bss.pxReadyTasksLists)
    [Anonymous Symbol]                       0x20200434   Section        0  tasks.o(.bss.pxReadyTasksLists)
    s_control_status                         0x202004fc   Data          32  app_main.o(.bss.s_control_status)
    [Anonymous Symbol]                       0x202004fc   Section        0  app_main.o(.bss.s_control_status)
    s_control_task_handle                    0x2020051c   Data           4  app_main.o(.bss.s_control_task_handle)
    [Anonymous Symbol]                       0x2020051c   Section        0  app_main.o(.bss.s_control_task_handle)
    s_encoder_cfg                            0x20200520   Data           4  bsp_encoder.o(.bss.s_encoder_cfg)
    [Anonymous Symbol]                       0x20200520   Section        0  bsp_encoder.o(.bss.s_encoder_cfg)
    s_encoder_cfg_count                      0x20200524   Data           4  bsp_encoder.o(.bss.s_encoder_cfg_count)
    [Anonymous Symbol]                       0x20200524   Section        0  bsp_encoder.o(.bss.s_encoder_cfg_count)
    s_encoder_count                          0x20200528   Data          16  bsp_encoder.o(.bss.s_encoder_count)
    [Anonymous Symbol]                       0x20200528   Section        0  bsp_encoder.o(.bss.s_encoder_count)
    s_encoder_inited                         0x20200538   Data           1  bsp_encoder.o(.bss.s_encoder_inited)
    [Anonymous Symbol]                       0x20200538   Section        0  bsp_encoder.o(.bss.s_encoder_inited)
    s_encoder_pulses_per_rev                 0x2020053c   Data           4  bsp_encoder.o(.bss.s_encoder_pulses_per_rev)
    [Anonymous Symbol]                       0x2020053c   Section        0  bsp_encoder.o(.bss.s_encoder_pulses_per_rev)
    s_is_inited                              0x20200540   Data           1  bsp_uart.o(.bss.s_is_inited)
    [Anonymous Symbol]                       0x20200540   Section        0  bsp_uart.o(.bss.s_is_inited)
    s_menu_task_handle                       0x20200544   Data           4  app_main.o(.bss.s_menu_task_handle)
    [Anonymous Symbol]                       0x20200544   Section        0  app_main.o(.bss.s_menu_task_handle)
    s_motor_cfg                              0x20200548   Data           4  bsp_motor.o(.bss.s_motor_cfg)
    [Anonymous Symbol]                       0x20200548   Section        0  bsp_motor.o(.bss.s_motor_cfg)
    s_motor_cfg_count                        0x2020054c   Data           4  bsp_motor.o(.bss.s_motor_cfg_count)
    [Anonymous Symbol]                       0x2020054c   Section        0  bsp_motor.o(.bss.s_motor_cfg_count)
    s_motor_enabled                          0x20200550   Data           4  app_main.o(.bss.s_motor_enabled)
    [Anonymous Symbol]                       0x20200550   Section        0  app_main.o(.bss.s_motor_enabled)
    s_motor_inited                           0x20200554   Data           1  bsp_motor.o(.bss.s_motor_inited)
    [Anonymous Symbol]                       0x20200554   Section        0  bsp_motor.o(.bss.s_motor_inited)
    s_pid                                    0x20200558   Data         240  app_main.o(.bss.s_pid)
    [Anonymous Symbol]                       0x20200558   Section        0  app_main.o(.bss.s_pid)
    s_pwm_period                             0x20200648   Data           4  bsp_motor.o(.bss.s_pwm_period)
    [Anonymous Symbol]                       0x20200648   Section        0  bsp_motor.o(.bss.s_pwm_period)
    s_pwm_timer                              0x2020064c   Data           1  bsp_motor.o(.bss.s_pwm_timer)
    [Anonymous Symbol]                       0x2020064c   Section        0  bsp_motor.o(.bss.s_pwm_timer)
    s_rx_buf                                 0x2020064d   Data         128  bsp_uart.o(.bss.s_rx_buf)
    [Anonymous Symbol]                       0x2020064d   Section        0  bsp_uart.o(.bss.s_rx_buf)
    s_rx_ringbuf                             0x202006d0   Data          16  bsp_uart.o(.bss.s_rx_ringbuf)
    [Anonymous Symbol]                       0x202006d0   Section        0  bsp_uart.o(.bss.s_rx_ringbuf)
    ucHeap                                   0x202006e0   Data       10240  heap_4.o(.bss.ucHeap)
    [Anonymous Symbol]                       0x202006e0   Section        0  heap_4.o(.bss.ucHeap)
    uxCurrentNumberOfTasks                   0x20202ee0   Data           4  tasks.o(.bss.uxCurrentNumberOfTasks)
    [Anonymous Symbol]                       0x20202ee0   Section        0  tasks.o(.bss.uxCurrentNumberOfTasks)
    uxDeletedTasksWaitingCleanUp             0x20202ee4   Data           4  tasks.o(.bss.uxDeletedTasksWaitingCleanUp)
    [Anonymous Symbol]                       0x20202ee4   Section        0  tasks.o(.bss.uxDeletedTasksWaitingCleanUp)
    uxSchedulerSuspended                     0x20202ee8   Data           4  tasks.o(.bss.uxSchedulerSuspended)
    [Anonymous Symbol]                       0x20202ee8   Section        0  tasks.o(.bss.uxSchedulerSuspended)
    uxTaskNumber                             0x20202eec   Data           4  tasks.o(.bss.uxTaskNumber)
    [Anonymous Symbol]                       0x20202eec   Section        0  tasks.o(.bss.uxTaskNumber)
    uxTopReadyPriority                       0x20202ef0   Data           4  tasks.o(.bss.uxTopReadyPriority)
    [Anonymous Symbol]                       0x20202ef0   Section        0  tasks.o(.bss.uxTopReadyPriority)
    vApplicationGetIdleTaskMemory.s_idle_task_stack 0x20202ef4   Data         512  main.o(.bss.vApplicationGetIdleTaskMemory.s_idle_task_stack)
    [Anonymous Symbol]                       0x20202ef4   Section        0  main.o(.bss.vApplicationGetIdleTaskMemory.s_idle_task_stack)
    vApplicationGetIdleTaskMemory.s_idle_task_tcb 0x202030f4   Data          96  main.o(.bss.vApplicationGetIdleTaskMemory.s_idle_task_tcb)
    [Anonymous Symbol]                       0x202030f4   Section        0  main.o(.bss.vApplicationGetIdleTaskMemory.s_idle_task_tcb)
    vApplicationGetTimerTaskMemory.s_timer_task_stack 0x20203154   Data         512  main.o(.bss.vApplicationGetTimerTaskMemory.s_timer_task_stack)
    [Anonymous Symbol]                       0x20203154   Section        0  main.o(.bss.vApplicationGetTimerTaskMemory.s_timer_task_stack)
    vApplicationGetTimerTaskMemory.s_timer_task_tcb 0x20203354   Data          96  main.o(.bss.vApplicationGetTimerTaskMemory.s_timer_task_tcb)
    [Anonymous Symbol]                       0x20203354   Section        0  main.o(.bss.vApplicationGetTimerTaskMemory.s_timer_task_tcb)
    xActiveTimerList1                        0x202033b4   Data          20  timers.o(.bss.xActiveTimerList1)
    [Anonymous Symbol]                       0x202033b4   Section        0  timers.o(.bss.xActiveTimerList1)
    xActiveTimerList2                        0x202033c8   Data          20  timers.o(.bss.xActiveTimerList2)
    [Anonymous Symbol]                       0x202033c8   Section        0  timers.o(.bss.xActiveTimerList2)
    xBlockAllocatedBit                       0x202033dc   Data           4  heap_4.o(.bss.xBlockAllocatedBit)
    [Anonymous Symbol]                       0x202033dc   Section        0  heap_4.o(.bss.xBlockAllocatedBit)
    xDelayedTaskList1                        0x202033e0   Data          20  tasks.o(.bss.xDelayedTaskList1)
    [Anonymous Symbol]                       0x202033e0   Section        0  tasks.o(.bss.xDelayedTaskList1)
    xDelayedTaskList2                        0x202033f4   Data          20  tasks.o(.bss.xDelayedTaskList2)
    [Anonymous Symbol]                       0x202033f4   Section        0  tasks.o(.bss.xDelayedTaskList2)
    xFreeBytesRemaining                      0x20203408   Data           4  heap_4.o(.bss.xFreeBytesRemaining)
    [Anonymous Symbol]                       0x20203408   Section        0  heap_4.o(.bss.xFreeBytesRemaining)
    xIdleTaskHandle                          0x2020340c   Data           4  tasks.o(.bss.xIdleTaskHandle)
    [Anonymous Symbol]                       0x2020340c   Section        0  tasks.o(.bss.xIdleTaskHandle)
    xMinimumEverFreeBytesRemaining           0x20203410   Data           4  heap_4.o(.bss.xMinimumEverFreeBytesRemaining)
    [Anonymous Symbol]                       0x20203410   Section        0  heap_4.o(.bss.xMinimumEverFreeBytesRemaining)
    xNextTaskUnblockTime                     0x20203414   Data           4  tasks.o(.bss.xNextTaskUnblockTime)
    [Anonymous Symbol]                       0x20203414   Section        0  tasks.o(.bss.xNextTaskUnblockTime)
    xNumOfOverflows                          0x20203418   Data           4  tasks.o(.bss.xNumOfOverflows)
    [Anonymous Symbol]                       0x20203418   Section        0  tasks.o(.bss.xNumOfOverflows)
    xNumberOfSuccessfulAllocations           0x2020341c   Data           4  heap_4.o(.bss.xNumberOfSuccessfulAllocations)
    [Anonymous Symbol]                       0x2020341c   Section        0  heap_4.o(.bss.xNumberOfSuccessfulAllocations)
    xNumberOfSuccessfulFrees                 0x20203420   Data           4  heap_4.o(.bss.xNumberOfSuccessfulFrees)
    [Anonymous Symbol]                       0x20203420   Section        0  heap_4.o(.bss.xNumberOfSuccessfulFrees)
    xPendedTicks                             0x20203424   Data           4  tasks.o(.bss.xPendedTicks)
    [Anonymous Symbol]                       0x20203424   Section        0  tasks.o(.bss.xPendedTicks)
    xPendingReadyList                        0x20203428   Data          20  tasks.o(.bss.xPendingReadyList)
    [Anonymous Symbol]                       0x20203428   Section        0  tasks.o(.bss.xPendingReadyList)
    xSchedulerRunning                        0x2020343c   Data           4  tasks.o(.bss.xSchedulerRunning)
    [Anonymous Symbol]                       0x2020343c   Section        0  tasks.o(.bss.xSchedulerRunning)
    xStart                                   0x20203440   Data           8  heap_4.o(.bss.xStart)
    [Anonymous Symbol]                       0x20203440   Section        0  heap_4.o(.bss.xStart)
    xSuspendedTaskList                       0x20203448   Data          20  tasks.o(.bss.xSuspendedTaskList)
    [Anonymous Symbol]                       0x20203448   Section        0  tasks.o(.bss.xSuspendedTaskList)
    xTasksWaitingTermination                 0x2020345c   Data          20  tasks.o(.bss.xTasksWaitingTermination)
    [Anonymous Symbol]                       0x2020345c   Section        0  tasks.o(.bss.xTasksWaitingTermination)
    xTickCount                               0x20203470   Data           4  tasks.o(.bss.xTickCount)
    [Anonymous Symbol]                       0x20203470   Section        0  tasks.o(.bss.xTickCount)
    xTimerQueue                              0x20203474   Data           4  timers.o(.bss.xTimerQueue)
    [Anonymous Symbol]                       0x20203474   Section        0  timers.o(.bss.xTimerQueue)
    xTimerTaskHandle                         0x20203478   Data           4  timers.o(.bss.xTimerTaskHandle)
    [Anonymous Symbol]                       0x20203478   Section        0  timers.o(.bss.xTimerTaskHandle)
    xYieldPending                            0x2020347c   Data           4  tasks.o(.bss.xYieldPending)
    [Anonymous Symbol]                       0x2020347c   Section        0  tasks.o(.bss.xYieldPending)
    STACK                                    0x20203480   Section      512  startup_mspm0g350x_uvision.o(STACK)

    Global Symbols

    Symbol Name                              Value     Ov Type        Size  Object(Section)

    BuildAttributes$$THM_ISAv3M$S$PE$A:L22$X:L11$S22$IEEE1$IW$~IW$USESV6$~STKCKD$USESV7$~SHL$OTIME$ROPI$EBA8$MICROLIB$REQ8$PRES8$EABIv2 0x00000000   Number         0  anon$$obj.o ABSOLUTE
    __Vectors                                0x00000000   Data           4  startup_mspm0g350x_uvision.o(RESET)
    __cpp_initialize__aeabi_                  - Undefined Weak Reference
    __cxa_finalize                            - Undefined Weak Reference
    __decompress                              - Undefined Weak Reference
    _clock_init                               - Undefined Weak Reference
    _microlib_exit                            - Undefined Weak Reference
    __Vectors_End                            0x000000c0   Data           0  startup_mspm0g350x_uvision.o(RESET)
    __Vectors_Size                           0x000000c0   Number         0  startup_mspm0g350x_uvision.o ABSOLUTE
    __main                                   0x000000c1   Thumb Code     0  entry.o(.ARM.Collect$$$$00000000)
    _main_stk                                0x000000c1   Thumb Code     0  entry2.o(.ARM.Collect$$$$00000001)
    _main_scatterload                        0x000000c5   Thumb Code     0  entry5.o(.ARM.Collect$$$$00000004)
    __main_after_scatterload                 0x000000c9   Thumb Code     0  entry5.o(.ARM.Collect$$$$00000004)
    _main_clock                              0x000000c9   Thumb Code     0  entry7b.o(.ARM.Collect$$$$00000008)
    _main_cpp_init                           0x000000c9   Thumb Code     0  entry8b.o(.ARM.Collect$$$$0000000A)
    _main_init                               0x000000c9   Thumb Code     0  entry9a.o(.ARM.Collect$$$$0000000B)
    __rt_final_cpp                           0x000000d1   Thumb Code     0  entry10a.o(.ARM.Collect$$$$0000000D)
    __rt_final_exit                          0x000000d1   Thumb Code     0  entry11a.o(.ARM.Collect$$$$0000000F)
    Reset_Handler                            0x000000d5   Thumb Code     4  startup_mspm0g350x_uvision.o(.text)
    NMI_Handler                              0x000000d9   Thumb Code     2  startup_mspm0g350x_uvision.o(.text)
    HardFault_Handler                        0x000000db   Thumb Code     2  startup_mspm0g350x_uvision.o(.text)
    ADC0_IRQHandler                          0x000000e3   Thumb Code     0  startup_mspm0g350x_uvision.o(.text)
    ADC1_IRQHandler                          0x000000e3   Thumb Code     0  startup_mspm0g350x_uvision.o(.text)
    AES_IRQHandler                           0x000000e3   Thumb Code     0  startup_mspm0g350x_uvision.o(.text)
    CANFD0_IRQHandler                        0x000000e3   Thumb Code     0  startup_mspm0g350x_uvision.o(.text)
    DAC0_IRQHandler                          0x000000e3   Thumb Code     0  startup_mspm0g350x_uvision.o(.text)
    DMA_IRQHandler                           0x000000e3   Thumb Code     0  startup_mspm0g350x_uvision.o(.text)
    Default_Handler                          0x000000e3   Thumb Code     2  startup_mspm0g350x_uvision.o(.text)
    GROUP0_IRQHandler                        0x000000e3   Thumb Code     0  startup_mspm0g350x_uvision.o(.text)
    GROUP1_IRQHandler                        0x000000e3   Thumb Code     0  startup_mspm0g350x_uvision.o(.text)
    I2C0_IRQHandler                          0x000000e3   Thumb Code     0  startup_mspm0g350x_uvision.o(.text)
    I2C1_IRQHandler                          0x000000e3   Thumb Code     0  startup_mspm0g350x_uvision.o(.text)
    RTC_IRQHandler                           0x000000e3   Thumb Code     0  startup_mspm0g350x_uvision.o(.text)
    SPI0_IRQHandler                          0x000000e3   Thumb Code     0  startup_mspm0g350x_uvision.o(.text)
    SPI1_IRQHandler                          0x000000e3   Thumb Code     0  startup_mspm0g350x_uvision.o(.text)
    TIMA0_IRQHandler                         0x000000e3   Thumb Code     0  startup_mspm0g350x_uvision.o(.text)
    TIMA1_IRQHandler                         0x000000e3   Thumb Code     0  startup_mspm0g350x_uvision.o(.text)
    TIMG12_IRQHandler                        0x000000e3   Thumb Code     0  startup_mspm0g350x_uvision.o(.text)
    UART1_IRQHandler                         0x000000e3   Thumb Code     0  startup_mspm0g350x_uvision.o(.text)
    UART2_IRQHandler                         0x000000e3   Thumb Code     0  startup_mspm0g350x_uvision.o(.text)
    UART3_IRQHandler                         0x000000e3   Thumb Code     0  startup_mspm0g350x_uvision.o(.text)
    __aeabi_ldivmod                          0x000000e9   Thumb Code    76  ldiv.o(.text)
    __aeabi_lmul                             0x00000135   Thumb Code    48  llmul.o(.text)
    _ll_mul                                  0x00000135   Thumb Code     0  llmul.o(.text)
    __aeabi_memcpy                           0x00000165   Thumb Code    36  memcpya.o(.text)
    __aeabi_memcpy4                          0x00000165   Thumb Code     0  memcpya.o(.text)
    __aeabi_memcpy8                          0x00000165   Thumb Code     0  memcpya.o(.text)
    __aeabi_memset                           0x00000189   Thumb Code    14  memseta.o(.text)
    __aeabi_memset4                          0x00000189   Thumb Code     0  memseta.o(.text)
    __aeabi_memset8                          0x00000189   Thumb Code     0  memseta.o(.text)
    __aeabi_memclr                           0x00000197   Thumb Code     4  memseta.o(.text)
    __aeabi_memclr4                          0x00000197   Thumb Code     0  memseta.o(.text)
    __aeabi_memclr8                          0x00000197   Thumb Code     0  memseta.o(.text)
    _memset$wrapper                          0x0000019b   Thumb Code    18  memseta.o(.text)
    sscanf                                   0x000001ad   Thumb Code    50  sscanf.o(.text)
    atoi                                     0x000001e9   Thumb Code    26  atoi.o(.text)
    __aeabi_fadd                             0x00000203   Thumb Code   162  fadd.o(.text)
    __aeabi_fsub                             0x000002a5   Thumb Code     8  fadd.o(.text)
    __aeabi_frsub                            0x000002ad   Thumb Code     8  fadd.o(.text)
    __aeabi_fmul                             0x000002b5   Thumb Code   122  fmul.o(.text)
    __aeabi_fdiv                             0x0000032f   Thumb Code   124  fdiv.o(.text)
    __aeabi_fcmple                           0x000003ab   Thumb Code    28  fcmple.o(.text)
    __aeabi_fcmpge                           0x000003c7   Thumb Code    28  fcmpge.o(.text)
    __aeabi_i2f                              0x000003e3   Thumb Code    22  fflti.o(.text)
    __aeabi_ui2f                             0x000003f9   Thumb Code    14  ffltui.o(.text)
    __aeabi_f2iz                             0x00000407   Thumb Code    50  ffixi.o(.text)
    __aeabi_f2d                              0x00000439   Thumb Code    40  f2d.o(.text)
    __aeabi_uidiv                            0x00000461   Thumb Code     0  uidiv_div0.o(.text)
    __aeabi_uidivmod                         0x00000461   Thumb Code    62  uidiv_div0.o(.text)
    __aeabi_uldivmod                         0x0000049f   Thumb Code    96  uldiv.o(.text)
    _scanf_longlong                          0x000004ff   Thumb Code   330  _scanf_longlong.o(.text)
    _scanf_int                               0x00000649   Thumb Code   330  _scanf_int.o(.text)
    _scanf_string                            0x00000793   Thumb Code   232  _scanf_str.o(.text)
    _scanf_real                              0x0000099b   Thumb Code     0  scanf_fp.o(.text)
    _scanf_really_real                       0x0000099b   Thumb Code   584  scanf_fp.o(.text)
    __vfscanf_char                           0x00000bfd   Thumb Code    24  scanf_char.o(.text)
    _sgetc                                   0x00000c1d   Thumb Code    32  _sgetc.o(.text)
    _sbackspace                              0x00000c3d   Thumb Code    36  _sgetc.o(.text)
    strtol                                   0x00000c61   Thumb Code   108  strtol.o(.text)
    __I$use$fp                               0x00000cd1   Thumb Code     0  iusefp.o(.text)
    _float_round                             0x00000cd1   Thumb Code    16  fepilogue.o(.text)
    _float_epilogue                          0x00000ce1   Thumb Code   114  fepilogue.o(.text)
    __aeabi_dadd                             0x00000d55   Thumb Code   328  dadd.o(.text)
    __aeabi_dsub                             0x00000e9d   Thumb Code    12  dadd.o(.text)
    __aeabi_drsub                            0x00000ea9   Thumb Code    12  dadd.o(.text)
    __aeabi_dmul                             0x00000eb9   Thumb Code   202  dmul.o(.text)
    __aeabi_ddiv                             0x00000f89   Thumb Code   234  ddiv.o(.text)
    __aeabi_d2ulz                            0x00001079   Thumb Code    54  dfixul.o(.text)
    __aeabi_cdrcmple                         0x000010b9   Thumb Code    38  cdrcmple.o(.text)
    __scatterload                            0x000010e1   Thumb Code    28  init.o(.text)
    __scatterload_rt2                        0x000010e1   Thumb Code     0  init.o(.text)
    __aeabi_llsl                             0x00001105   Thumb Code    32  llshl.o(.text)
    _ll_shift_l                              0x00001105   Thumb Code     0  llshl.o(.text)
    __aeabi_llsr                             0x00001125   Thumb Code    34  llushr.o(.text)
    _ll_ushift_r                             0x00001125   Thumb Code     0  llushr.o(.text)
    __aeabi_lasr                             0x00001147   Thumb Code    38  llsshr.o(.text)
    _ll_sshift_r                             0x00001147   Thumb Code     0  llsshr.o(.text)
    __rt_ctype_table                         0x0000116d   Thumb Code     4  ctype_o.o(.text)
    isspace                                  0x00001175   Thumb Code    18  isspace_o.o(.text)
    _chval                                   0x00001187   Thumb Code    30  _chval.o(.text)
    __vfscanf                                0x000011a5   Thumb Code   812  _scanf.o(.text)
    _strtoul                                 0x000014dd   Thumb Code   166  _strtoul.o(.text)
    _double_round                            0x00001583   Thumb Code    26  depilogue.o(.text)
    _double_epilogue                         0x0000159d   Thumb Code   164  depilogue.o(.text)
    __aeabi_ul2d                             0x00001641   Thumb Code    22  dfltul.o(.text)
    __aeabi_d2f                              0x0000165d   Thumb Code    56  d2f.o(.text)
    DL_ADC12_setClockConfig                  0x0000179d   Thumb Code    64  dl_adc12.o(.text.DL_ADC12_setClockConfig)
    DL_Common_delayCycles                    0x000017f5   Thumb Code    10  dl_common.o(.text.DL_Common_delayCycles)
    DL_SYSCTL_configSYSPLL                   0x0000199d   Thumb Code   192  dl_sysctl_mspm0g1x0x_g3x0x.o(.text.DL_SYSCTL_configSYSPLL)
    DL_SYSCTL_setHFCLKSourceHFXTParams       0x00001ac9   Thumb Code    80  dl_sysctl_mspm0g1x0x_g3x0x.o(.text.DL_SYSCTL_setHFCLKSourceHFXTParams)
    DL_SYSCTL_switchMCLKfromSYSOSCtoHSCLK    0x00001b4d   Thumb Code    40  dl_sysctl_mspm0g1x0x_g3x0x.o(.text.DL_SYSCTL_switchMCLKfromSYSOSCtoHSCLK)
    DL_Timer_initCaptureCombinedMode         0x00001bd1   Thumb Code   220  dl_timer.o(.text.DL_Timer_initCaptureCombinedMode)
    DL_Timer_initFourCCPWMMode               0x00001cad   Thumb Code   264  dl_timer.o(.text.DL_Timer_initFourCCPWMMode)
    DL_Timer_initTimerMode                   0x00001db5   Thumb Code   236  dl_timer.o(.text.DL_Timer_initTimerMode)
    DL_Timer_setCaptCompUpdateMethod         0x00001ec5   Thumb Code    28  dl_timer.o(.text.DL_Timer_setCaptCompUpdateMethod)
    DL_Timer_setCaptureCompareOutCtl         0x00001ee1   Thumb Code    24  dl_timer.o(.text.DL_Timer_setCaptureCompareOutCtl)
    DL_Timer_setCaptureCompareValue          0x00001ef9   Thumb Code    16  dl_timer.o(.text.DL_Timer_setCaptureCompareValue)
    DL_Timer_setClockConfig                  0x00001f09   Thumb Code    28  dl_timer.o(.text.DL_Timer_setClockConfig)
    DL_UART_init                             0x00001fd5   Thumb Code    72  dl_uart.o(.text.DL_UART_init)
    DL_UART_setClockConfig                   0x000020c1   Thumb Code    18  dl_uart.o(.text.DL_UART_setClockConfig)
    PendSV_Handler                           0x00002121   Thumb Code    68  port.o(.text.PendSV_Handler)
    SVC_Handler                              0x00002165   Thumb Code     2  port.o(.text.SVC_Handler)
    SYSCFG_DL_ADC_VOLTAGE_init               0x00002169   Thumb Code   100  ti_msp_dl_config.o(.text.SYSCFG_DL_ADC_VOLTAGE_init)
    SYSCFG_DL_CAPTURE_LEFT_BACK_init         0x000021d5   Thumb Code    40  ti_msp_dl_config.o(.text.SYSCFG_DL_CAPTURE_LEFT_BACK_init)
    SYSCFG_DL_CAPTURE_LEFT_FRONT_init        0x00002209   Thumb Code    40  ti_msp_dl_config.o(.text.SYSCFG_DL_CAPTURE_LEFT_FRONT_init)
    SYSCFG_DL_CAPTURE_RIGHT_BACK_init        0x0000223d   Thumb Code    40  ti_msp_dl_config.o(.text.SYSCFG_DL_CAPTURE_RIGHT_BACK_init)
    SYSCFG_DL_CAPTURE_RIGHT_FRONT_init       0x00002271   Thumb Code    40  ti_msp_dl_config.o(.text.SYSCFG_DL_CAPTURE_RIGHT_FRONT_init)
    SYSCFG_DL_GPIO_init                      0x000022a9   Thumb Code   316  ti_msp_dl_config.o(.text.SYSCFG_DL_GPIO_init)
    SYSCFG_DL_PWM_MOTOR_init                 0x000023f1   Thumb Code   212  ti_msp_dl_config.o(.text.SYSCFG_DL_PWM_MOTOR_init)
    SYSCFG_DL_SYSCTL_CLK_init                0x000024cd   Thumb Code    24  ti_msp_dl_config.o(.text.SYSCFG_DL_SYSCTL_CLK_init)
    SYSCFG_DL_SYSCTL_init                    0x000024e9   Thumb Code    76  ti_msp_dl_config.o(.text.SYSCFG_DL_SYSCTL_init)
    SYSCFG_DL_TIMER_0_init                   0x00002539   Thumb Code    48  ti_msp_dl_config.o(.text.SYSCFG_DL_TIMER_0_init)
    SYSCFG_DL_UART_0_DEBUG_init              0x00002571   Thumb Code    68  ti_msp_dl_config.o(.text.SYSCFG_DL_UART_0_DEBUG_init)
    SYSCFG_DL_init                           0x000025bd   Thumb Code    76  ti_msp_dl_config.o(.text.SYSCFG_DL_init)
    SYSCFG_DL_initPower                      0x00002619   Thumb Code   156  ti_msp_dl_config.o(.text.SYSCFG_DL_initPower)
    SysTick_Handler                          0x000026d9   Thumb Code    40  port.o(.text.SysTick_Handler)
    TIMG0_IRQHandler                         0x00002705   Thumb Code    10  bsp_encoder.o(.text.TIMG0_IRQHandler)
    TIMG6_IRQHandler                         0x0000270f   Thumb Code    10  bsp_encoder.o(.text.TIMG6_IRQHandler)
    TIMG7_IRQHandler                         0x00002719   Thumb Code    10  bsp_encoder.o(.text.TIMG7_IRQHandler)
    TIMG8_IRQHandler                         0x00002723   Thumb Code    10  bsp_encoder.o(.text.TIMG8_IRQHandler)
    UART0_IRQHandler                         0x0000272d   Thumb Code     8  board.o(.text.UART0_IRQHandler)
    app_control_task                         0x00002861   Thumb Code   236  app_main.o(.text.app_control_task)
    app_main_init                            0x0000295d   Thumb Code   128  app_main.o(.text.app_main_init)
    app_menu_task                            0x000029f9   Thumb Code    72  app_main.o(.text.app_menu_task)
    app_pid_compute                          0x00002a45   Thumb Code   566  app_pid.o(.text.app_pid_compute)
    app_pid_init                             0x00002c7b   Thumb Code    88  app_pid.o(.text.app_pid_init)
    app_pid_reset                            0x00002cd3   Thumb Code    38  app_pid.o(.text.app_pid_reset)
    app_pid_set_integral_limit               0x00002cf9   Thumb Code    24  app_pid.o(.text.app_pid_set_integral_limit)
    app_pid_set_params                       0x00002d11   Thumb Code    34  app_pid.o(.text.app_pid_set_params)
    app_pid_set_setpoint                     0x00002d33   Thumb Code    16  app_pid.o(.text.app_pid_set_setpoint)
    bsp_encoder_counts_to_rpm                0x00002d45   Thumb Code    76  bsp_encoder.o(.text.bsp_encoder_counts_to_rpm)
    bsp_encoder_get_and_clear_all            0x00002d95   Thumb Code   160  bsp_encoder.o(.text.bsp_encoder_get_and_clear_all)
    bsp_encoder_init                         0x00002e35   Thumb Code   268  bsp_encoder.o(.text.bsp_encoder_init)
    bsp_encoder_irq_handler                  0x00002f4d   Thumb Code   260  bsp_encoder.o(.text.bsp_encoder_irq_handler)
    bsp_led_init                             0x0000305d   Thumb Code    22  bsp_led.o(.text.bsp_led_init)
    bsp_led_toggle                           0x00003073   Thumb Code    14  bsp_led.o(.text.bsp_led_toggle)
    bsp_motor_get_duty_max                   0x00003121   Thumb Code     8  bsp_motor.o(.text.bsp_motor_get_duty_max)
    bsp_motor_init                           0x00003129   Thumb Code   212  bsp_motor.o(.text.bsp_motor_init)
    bsp_motor_set_speed                      0x000031fd   Thumb Code   264  bsp_motor.o(.text.bsp_motor_set_speed)
    bsp_motor_stop                           0x00003309   Thumb Code   128  bsp_motor.o(.text.bsp_motor_stop)
    bsp_uart_getc                            0x00003461   Thumb Code    64  bsp_uart.o(.text.bsp_uart_getc)
    bsp_uart_init                            0x000034a1   Thumb Code    68  bsp_uart.o(.text.bsp_uart_init)
    bsp_uart_irq_handler                     0x000034ed   Thumb Code    56  bsp_uart.o(.text.bsp_uart_irq_handler)
    bsp_uart_putc                            0x00003525   Thumb Code    52  bsp_uart.o(.text.bsp_uart_putc)
    bsp_uart_rx_flush                        0x00003559   Thumb Code    12  bsp_uart.o(.text.bsp_uart_rx_flush)
    fputc                                    0x000035dd   Thumb Code    40  board.o(.text.fputc)
    hal_gpio_clear_pin                       0x00003609   Thumb Code    62  hal_gpio.o(.text.hal_gpio_clear_pin)
    hal_gpio_read_pin                        0x00003647   Thumb Code    62  hal_gpio.o(.text.hal_gpio_read_pin)
    hal_gpio_set_pin                         0x00003685   Thumb Code    62  hal_gpio.o(.text.hal_gpio_set_pin)
    hal_gpio_toggle_pin                      0x000036c3   Thumb Code    62  hal_gpio.o(.text.hal_gpio_toggle_pin)
    hal_gpio_write_pin                       0x00003701   Thumb Code    90  hal_gpio.o(.text.hal_gpio_write_pin)
    hal_timer_enable_irq                     0x0000375d   Thumb Code    92  hal_timer.o(.text.hal_timer_enable_irq)
    hal_timer_get_irq_flag                   0x000037b9   Thumb Code   120  hal_timer.o(.text.hal_timer_get_irq_flag)
    hal_timer_set_pwm_duty                   0x00003831   Thumb Code   100  hal_timer.o(.text.hal_timer_set_pwm_duty)
    hal_timer_start                          0x00003895   Thumb Code    64  hal_timer.o(.text.hal_timer_start)
    hal_uart_enable_irq                      0x000038d9   Thumb Code    76  hal_uart.o(.text.hal_uart_enable_irq)
    hal_uart_get_irq_flag                    0x00003929   Thumb Code    78  hal_uart.o(.text.hal_uart_get_irq_flag)
    hal_uart_receive                         0x00003977   Thumb Code    80  hal_uart.o(.text.hal_uart_receive)
    hal_uart_transmit                        0x000039c9   Thumb Code   108  hal_uart.o(.text.hal_uart_transmit)
    main                                     0x00003a8b   Thumb Code    24  main.o(.text.main)
    osal_critical_enter                      0x000040d5   Thumb Code     8  osal_critical.o(.text.osal_critical_enter)
    osal_critical_exit                       0x000040dd   Thumb Code     8  osal_critical.o(.text.osal_critical_exit)
    osal_task_create                         0x000040e5   Thumb Code    74  osal_task.o(.text.osal_task_create)
    osal_task_delay_ms                       0x0000412f   Thumb Code    28  osal_task.o(.text.osal_task_delay_ms)
    pvPortMalloc                             0x00004e8d   Thumb Code   424  heap_4.o(.text.pvPortMalloc)
    pxPortInitialiseStack                    0x0000504d   Thumb Code    72  port.o(.text.pxPortInitialiseStack)
    ulSetInterruptMaskFromISR                0x00005191   Thumb Code     8  port.o(.text.ulSetInterruptMaskFromISR)
    uxListRemove                             0x00005199   Thumb Code    72  list.o(.text.uxListRemove)
    vApplicationGetIdleTaskMemory            0x000051e1   Thumb Code    32  main.o(.text.vApplicationGetIdleTaskMemory)
    vApplicationGetTimerTaskMemory           0x00005209   Thumb Code    32  main.o(.text.vApplicationGetTimerTaskMemory)
    vApplicationStackOverflowHook            0x00005231   Thumb Code    10  main.o(.text.vApplicationStackOverflowHook)
    vClearInterruptMaskFromISR               0x0000523b   Thumb Code     6  port.o(.text.vClearInterruptMaskFromISR)
    vListInitialise                          0x00005241   Thumb Code    44  list.o(.text.vListInitialise)
    vListInitialiseItem                      0x0000526d   Thumb Code    14  list.o(.text.vListInitialiseItem)
    vListInsert                              0x0000527b   Thumb Code   108  list.o(.text.vListInsert)
    vListInsertEnd                           0x000052e7   Thumb Code    58  list.o(.text.vListInsertEnd)
    vPortEnterCritical                       0x00005321   Thumb Code    20  port.o(.text.vPortEnterCritical)
    vPortExitCritical                        0x00005335   Thumb Code    40  port.o(.text.vPortExitCritical)
    vPortFree                                0x00005361   Thumb Code   148  heap_4.o(.text.vPortFree)
    vPortSetupTimerInterrupt                 0x00005401   Thumb Code    24  port.o(.text.vPortSetupTimerInterrupt)
    vPortYield                               0x00005465   Thumb Code    20  port.o(.text.vPortYield)
    vQueueWaitForMessageRestricted           0x0000547d   Thumb Code   106  queue.o(.text.vQueueWaitForMessageRestricted)
    vTaskDelay                               0x000054e9   Thumb Code    76  tasks.o(.text.vTaskDelay)
    vTaskInternalSetTimeOutState             0x00005535   Thumb Code    24  tasks.o(.text.vTaskInternalSetTimeOutState)
    vTaskMissedYield                         0x00005551   Thumb Code     8  tasks.o(.text.vTaskMissedYield)
    vTaskPlaceOnEventList                    0x00005559   Thumb Code    48  tasks.o(.text.vTaskPlaceOnEventList)
    vTaskPlaceOnEventListRestricted          0x00005589   Thumb Code    64  tasks.o(.text.vTaskPlaceOnEventListRestricted)
    vTaskStartScheduler                      0x000055c9   Thumb Code   160  tasks.o(.text.vTaskStartScheduler)
    vTaskSuspendAll                          0x00005685   Thumb Code    12  tasks.o(.text.vTaskSuspendAll)
    vTaskSwitchContext                       0x00005691   Thumb Code   212  tasks.o(.text.vTaskSwitchContext)
    xPortStartScheduler                      0x0000577d   Thumb Code    56  port.o(.text.xPortStartScheduler)
    xQueueGenericCreateStatic                0x000057bd   Thumb Code   192  queue.o(.text.xQueueGenericCreateStatic)
    xQueueGenericReset                       0x0000587d   Thumb Code   160  queue.o(.text.xQueueGenericReset)
    xQueueGenericSend                        0x0000591d   Thumb Code   466  queue.o(.text.xQueueGenericSend)
    xQueueGenericSendFromISR                 0x00005aef   Thumb Code   288  queue.o(.text.xQueueGenericSendFromISR)
    xQueueReceive                            0x00005c0f   Thumb Code   420  queue.o(.text.xQueueReceive)
    xTaskCheckForTimeOut                     0x00005db5   Thumb Code   172  tasks.o(.text.xTaskCheckForTimeOut)
    xTaskCreate                              0x00005e61   Thumb Code   146  tasks.o(.text.xTaskCreate)
    xTaskCreateStatic                        0x00005ef3   Thumb Code   148  tasks.o(.text.xTaskCreateStatic)
    xTaskGetSchedulerState                   0x00005f89   Thumb Code    48  tasks.o(.text.xTaskGetSchedulerState)
    xTaskGetTickCount                        0x00005fbd   Thumb Code    16  tasks.o(.text.xTaskGetTickCount)
    xTaskIncrementTick                       0x00005fcd   Thumb Code   300  tasks.o(.text.xTaskIncrementTick)
    xTaskPriorityDisinherit                  0x0000610d   Thumb Code   184  tasks.o(.text.xTaskPriorityDisinherit)
    xTaskRemoveFromEventList                 0x000061c5   Thumb Code   148  tasks.o(.text.xTaskRemoveFromEventList)
    xTaskResumeAll                           0x0000625d   Thumb Code   276  tasks.o(.text.xTaskResumeAll)
    xTimerCreateTimerTask                    0x00006391   Thumb Code   108  timers.o(.text.xTimerCreateTimerTask)
    xTimerGenericCommand                     0x00006409   Thumb Code   140  timers.o(.text.xTimerGenericCommand)
    __0printf                                0x00006499   Thumb Code    24  printfa.o(i.__0printf)
    __1printf                                0x00006499   Thumb Code     0  printfa.o(i.__0printf)
    __2printf                                0x00006499   Thumb Code     0  printfa.o(i.__0printf)
    __c89printf                              0x00006499   Thumb Code     0  printfa.o(i.__0printf)
    printf                                   0x00006499   Thumb Code     0  printfa.o(i.__0printf)
    __ARM_clz                                0x000064b9   Thumb Code    46  depilogue.o(i.__ARM_clz)
    __aeabi_errno_addr                       0x000064e9   Thumb Code     4  errno.o(i.__aeabi_errno_addr)
    __rt_errno_addr                          0x000064e9   Thumb Code     0  errno.o(i.__aeabi_errno_addr)
    __scatterload_copy                       0x000064f1   Thumb Code    14  handlers.o(i.__scatterload_copy)
    __scatterload_null                       0x00006501   Thumb Code     2  handlers.o(i.__scatterload_null)
    __scatterload_zeroinit                   0x00006509   Thumb Code    14  handlers.o(i.__scatterload_zeroinit)
    _is_digit                                0x0000668d   Thumb Code    14  scanf_fp.o(i._is_digit)
    __ctype_table                            0x00006dd4   Data         129  ctype_o.o(.constdata)
    uxTopUsedPriority                        0x000071e4   Data           4  tasks.o(.rodata.uxTopUsedPriority)
    Region$$Table$$Base                      0x000071e8   Number         0  anon$$obj.o(Region$$Table)
    Region$$Table$$Limit                     0x00007208   Number         0  anon$$obj.o(Region$$Table)
    __stdout                                 0x20200000   Data           4  stdout.o(.data)
    gCAPTURE_LEFT_BACKBackup                 0x20200020   Data         160  ti_msp_dl_config.o(.bss.gCAPTURE_LEFT_BACKBackup)
    gCAPTURE_RIGHT_FRONTBackup               0x202000c0   Data         160  ti_msp_dl_config.o(.bss.gCAPTURE_RIGHT_FRONTBackup)
    gPWM_MOTORBackup                         0x20200160   Data         188  ti_msp_dl_config.o(.bss.gPWM_MOTORBackup)
    gTIMER_0Backup                           0x2020021c   Data         188  ti_msp_dl_config.o(.bss.gTIMER_0Backup)
    pxCurrentTCB                             0x2020041c   Data           4  tasks.o(.bss.pxCurrentTCB)
    __initial_sp                             0x20203680   Data           0  startup_mspm0g350x_uvision.o(STACK)



==============================================================================

Memory Map of the image

  Image Entry point : 0x000000c1

  Load Region LR_IROM1 (Base: 0x00000000, Size: 0x00007228, Max: 0x00020000, ABSOLUTE)

    Execution Region ER_IROM1 (Exec base: 0x00000000, Load base: 0x00000000, Size: 0x00007208, Max: 0x00020000, ABSOLUTE)

    Exec Addr    Load Addr    Size         Type   Attr      Idx    E Section Name        Object

    0x00000000   0x00000000   0x000000c0   Data   RO          160    RESET               startup_mspm0g350x_uvision.o
    0x000000c0   0x000000c0   0x00000000   Code   RO         1381  * .ARM.Collect$$$$00000000  mc_p.l(entry.o)
    0x000000c0   0x000000c0   0x00000004   Code   RO         1450    .ARM.Collect$$$$00000001  mc_p.l(entry2.o)
    0x000000c4   0x000000c4   0x00000004   Code   RO         1453    .ARM.Collect$$$$00000004  mc_p.l(entry5.o)
    0x000000c8   0x000000c8   0x00000000   Code   RO         1455    .ARM.Collect$$$$00000008  mc_p.l(entry7b.o)
    0x000000c8   0x000000c8   0x00000000   Code   RO         1457    .ARM.Collect$$$$0000000A  mc_p.l(entry8b.o)
    0x000000c8   0x000000c8   0x00000008   Code   RO         1458    .ARM.Collect$$$$0000000B  mc_p.l(entry9a.o)
    0x000000d0   0x000000d0   0x00000000   Code   RO         1460    .ARM.Collect$$$$0000000D  mc_p.l(entry10a.o)
    0x000000d0   0x000000d0   0x00000000   Code   RO         1462    .ARM.Collect$$$$0000000F  mc_p.l(entry11a.o)
    0x000000d0   0x000000d0   0x00000004   Code   RO         1451    .ARM.Collect$$$$00002712  mc_p.l(entry2.o)
    0x000000d4   0x000000d4   0x00000014   Code   RO          161    .text               startup_mspm0g350x_uvision.o
    0x000000e8   0x000000e8   0x0000004c   Code   RO         1390    .text               mc_p.l(ldiv.o)
    0x00000134   0x00000134   0x00000030   Code   RO         1392    .text               mc_p.l(llmul.o)
    0x00000164   0x00000164   0x00000024   Code   RO         1394    .text               mc_p.l(memcpya.o)
    0x00000188   0x00000188   0x00000024   Code   RO         1396    .text               mc_p.l(memseta.o)
    0x000001ac   0x000001ac   0x0000003c   Code   RO         1428    .text               mc_p.l(sscanf.o)
    0x000001e8   0x000001e8   0x0000001a   Code   RO         1430    .text               mc_p.l(atoi.o)
    0x00000202   0x00000202   0x000000b2   Code   RO         1432    .text               mf_p.l(fadd.o)
    0x000002b4   0x000002b4   0x0000007a   Code   RO         1434    .text               mf_p.l(fmul.o)
    0x0000032e   0x0000032e   0x0000007c   Code   RO         1436    .text               mf_p.l(fdiv.o)
    0x000003aa   0x000003aa   0x0000001c   Code   RO         1438    .text               mf_p.l(fcmple.o)
    0x000003c6   0x000003c6   0x0000001c   Code   RO         1440    .text               mf_p.l(fcmpge.o)
    0x000003e2   0x000003e2   0x00000016   Code   RO         1442    .text               mf_p.l(fflti.o)
    0x000003f8   0x000003f8   0x0000000e   Code   RO         1444    .text               mf_p.l(ffltui.o)
    0x00000406   0x00000406   0x00000032   Code   RO         1446    .text               mf_p.l(ffixi.o)
    0x00000438   0x00000438   0x00000028   Code   RO         1448    .text               mf_p.l(f2d.o)
    0x00000460   0x00000460   0x0000003e   Code   RO         1469    .text               mc_p.l(uidiv_div0.o)
    0x0000049e   0x0000049e   0x00000060   Code   RO         1475    .text               mc_p.l(uldiv.o)
    0x000004fe   0x000004fe   0x0000014a   Code   RO         1484    .text               mc_p.l(_scanf_longlong.o)
    0x00000648   0x00000648   0x0000014a   Code   RO         1486    .text               mc_p.l(_scanf_int.o)
    0x00000792   0x00000792   0x000000e8   Code   RO         1488    .text               mc_p.l(_scanf_str.o)
    0x0000087a   0x0000087a   0x00000002   PAD
    0x0000087c   0x0000087c   0x00000374   Code   RO         1490    .text               mc_p.l(scanf_fp.o)
    0x00000bf0   0x00000bf0   0x0000002c   Code   RO         1494    .text               mc_p.l(scanf_char.o)
    0x00000c1c   0x00000c1c   0x00000044   Code   RO         1496    .text               mc_p.l(_sgetc.o)
    0x00000c60   0x00000c60   0x00000070   Code   RO         1498    .text               mc_p.l(strtol.o)
    0x00000cd0   0x00000cd0   0x00000000   Code   RO         1500    .text               mc_p.l(iusefp.o)
    0x00000cd0   0x00000cd0   0x00000082   Code   RO         1501    .text               mf_p.l(fepilogue.o)
    0x00000d52   0x00000d52   0x00000002   PAD
    0x00000d54   0x00000d54   0x00000164   Code   RO         1503    .text               mf_p.l(dadd.o)
    0x00000eb8   0x00000eb8   0x000000d0   Code   RO         1505    .text               mf_p.l(dmul.o)
    0x00000f88   0x00000f88   0x000000f0   Code   RO         1507    .text               mf_p.l(ddiv.o)
    0x00001078   0x00001078   0x00000040   Code   RO         1509    .text               mf_p.l(dfixul.o)
    0x000010b8   0x000010b8   0x00000028   Code   RO         1511    .text               mf_p.l(cdrcmple.o)
    0x000010e0   0x000010e0   0x00000024   Code   RO         1513    .text               mc_p.l(init.o)
    0x00001104   0x00001104   0x00000020   Code   RO         1515    .text               mc_p.l(llshl.o)
    0x00001124   0x00001124   0x00000022   Code   RO         1517    .text               mc_p.l(llushr.o)
    0x00001146   0x00001146   0x00000026   Code   RO         1519    .text               mc_p.l(llsshr.o)
    0x0000116c   0x0000116c   0x00000008   Code   RO         1523    .text               mc_p.l(ctype_o.o)
    0x00001174   0x00001174   0x00000012   Code   RO         1545    .text               mc_p.l(isspace_o.o)
    0x00001186   0x00001186   0x0000001e   Code   RO         1551    .text               mc_p.l(_chval.o)
    0x000011a4   0x000011a4   0x00000338   Code   RO         1553    .text               mc_p.l(_scanf.o)
    0x000014dc   0x000014dc   0x000000a6   Code   RO         1555    .text               mc_p.l(_strtoul.o)
    0x00001582   0x00001582   0x000000be   Code   RO         1557    .text               mf_p.l(depilogue.o)
    0x00001640   0x00001640   0x0000001c   Code   RO         1561    .text               mf_p.l(dfltul.o)
    0x0000165c   0x0000165c   0x00000038   Code   RO         1563    .text               mf_p.l(d2f.o)
    0x00001694   0x00001694   0x0000001c   Code   RO          124    .text.DL_ADC12_clearInterruptStatus  ti_msp_dl_config.o
    0x000016b0   0x000016b0   0x0000004a   Code   RO          120    .text.DL_ADC12_configConversionMem  ti_msp_dl_config.o
    0x000016fa   0x000016fa   0x00000016   Code   RO          128    .text.DL_ADC12_enableConversions  ti_msp_dl_config.o
    0x00001710   0x00001710   0x0000001c   Code   RO          126    .text.DL_ADC12_enableInterrupt  ti_msp_dl_config.o
    0x0000172c   0x0000172c   0x00000014   Code   RO           66    .text.DL_ADC12_enablePower  ti_msp_dl_config.o
    0x00001740   0x00001740   0x0000004c   Code   RO          118    .text.DL_ADC12_initSingleSample  ti_msp_dl_config.o
    0x0000178c   0x0000178c   0x00000010   Code   RO           58    .text.DL_ADC12_reset  ti_msp_dl_config.o
    0x0000179c   0x0000179c   0x00000040   Code   RO         1188    .text.DL_ADC12_setClockConfig  driverlib.a(dl_adc12.o)
    0x000017dc   0x000017dc   0x00000018   Code   RO          122    .text.DL_ADC12_setSampleTime0  ti_msp_dl_config.o
    0x000017f4   0x000017f4   0x0000000a   Code   RO         1200    .text.DL_Common_delayCycles  driverlib.a(dl_common.o)
    0x000017fe   0x000017fe   0x00000028   Code   RO          130    .text.DL_Common_updateReg  ti_msp_dl_config.o
    0x00001826   0x00001826   0x00000014   Code   RO           82    .text.DL_GPIO_clearPins  ti_msp_dl_config.o
    0x0000183a   0x0000183a   0x00000014   Code   RO          312    .text.DL_GPIO_clearPins  hal_gpio.o
    0x0000184e   0x0000184e   0x00000002   PAD
    0x00001850   0x00001850   0x00000018   Code   RO           72    .text.DL_GPIO_enableOutput  ti_msp_dl_config.o
    0x00001868   0x00001868   0x00000018   Code   RO           60    .text.DL_GPIO_enablePower  ti_msp_dl_config.o
    0x00001880   0x00001880   0x00000030   Code   RO           78    .text.DL_GPIO_initDigitalInputFeatures  ti_msp_dl_config.o
    0x000018b0   0x000018b0   0x00000014   Code   RO           80    .text.DL_GPIO_initDigitalOutput  ti_msp_dl_config.o
    0x000018c4   0x000018c4   0x0000002c   Code   RO           76    .text.DL_GPIO_initDigitalOutputFeatures  ti_msp_dl_config.o
    0x000018f0   0x000018f0   0x00000014   Code   RO           68    .text.DL_GPIO_initPeripheralAnalogFunction  ti_msp_dl_config.o
    0x00001904   0x00001904   0x0000001c   Code   RO           74    .text.DL_GPIO_initPeripheralInputFunction  ti_msp_dl_config.o
    0x00001920   0x00001920   0x0000001c   Code   RO           70    .text.DL_GPIO_initPeripheralOutputFunction  ti_msp_dl_config.o
    0x0000193c   0x0000193c   0x00000016   Code   RO          334    .text.DL_GPIO_readPins  hal_gpio.o
    0x00001952   0x00001952   0x00000002   PAD
    0x00001954   0x00001954   0x00000018   Code   RO           52    .text.DL_GPIO_reset  ti_msp_dl_config.o
    0x0000196c   0x0000196c   0x00000018   Code   RO          326    .text.DL_GPIO_setPins  hal_gpio.o
    0x00001984   0x00001984   0x00000018   Code   RO          338    .text.DL_GPIO_togglePins  hal_gpio.o
    0x0000199c   0x0000199c   0x000000c0   Code   RO         1350    .text.DL_SYSCTL_configSYSPLL  driverlib.a(dl_sysctl_mspm0g1x0x_g3x0x.o)
    0x00001a5c   0x00001a5c   0x0000000c   Code   RO           90    .text.DL_SYSCTL_disableHFXT  ti_msp_dl_config.o
    0x00001a68   0x00001a68   0x00000014   Code   RO           92    .text.DL_SYSCTL_disableSYSPLL  ti_msp_dl_config.o
    0x00001a7c   0x00001a7c   0x00000010   Code   RO           96    .text.DL_SYSCTL_enableMFCLK  ti_msp_dl_config.o
    0x00001a8c   0x00001a8c   0x00000008   Code   RO           98    .text.DL_SYSCTL_getClockStatus  ti_msp_dl_config.o
    0x00001a94   0x00001a94   0x00000018   Code   RO           84    .text.DL_SYSCTL_setBORThreshold  ti_msp_dl_config.o
    0x00001aac   0x00001aac   0x0000001c   Code   RO           86    .text.DL_SYSCTL_setFlashWaitState  ti_msp_dl_config.o
    0x00001ac8   0x00001ac8   0x00000050   Code   RO         1364    .text.DL_SYSCTL_setHFCLKSourceHFXTParams  driverlib.a(dl_sysctl_mspm0g1x0x_g3x0x.o)
    0x00001b18   0x00001b18   0x0000001c   Code   RO           88    .text.DL_SYSCTL_setSYSOSCFreq  ti_msp_dl_config.o
    0x00001b34   0x00001b34   0x00000018   Code   RO           94    .text.DL_SYSCTL_setULPCLKDivider  ti_msp_dl_config.o
    0x00001b4c   0x00001b4c   0x00000028   Code   RO         1358    .text.DL_SYSCTL_switchMCLKfromSYSOSCtoHSCLK  driverlib.a(dl_sysctl_mspm0g1x0x_g3x0x.o)
    0x00001b74   0x00001b74   0x00000014   Code   RO          102    .text.DL_Timer_enableClock  ti_msp_dl_config.o
    0x00001b88   0x00001b88   0x0000001c   Code   RO          104    .text.DL_Timer_enableInterrupt  ti_msp_dl_config.o
    0x00001ba4   0x00001ba4   0x00000018   Code   RO           62    .text.DL_Timer_enablePower  ti_msp_dl_config.o
    0x00001bbc   0x00001bbc   0x00000012   Code   RO          380    .text.DL_Timer_getPendingInterrupt  hal_timer.o
    0x00001bce   0x00001bce   0x00000002   PAD
    0x00001bd0   0x00001bd0   0x000000dc   Code   RO         1225    .text.DL_Timer_initCaptureCombinedMode  driverlib.a(dl_timer.o)
    0x00001cac   0x00001cac   0x00000108   Code   RO         1289    .text.DL_Timer_initFourCCPWMMode  driverlib.a(dl_timer.o)
    0x00001db4   0x00001db4   0x000000ec   Code   RO         1213    .text.DL_Timer_initTimerMode  driverlib.a(dl_timer.o)
    0x00001ea0   0x00001ea0   0x00000010   Code   RO           54    .text.DL_Timer_reset  ti_msp_dl_config.o
    0x00001eb0   0x00001eb0   0x00000014   Code   RO          106    .text.DL_Timer_setCCPDirection  ti_msp_dl_config.o
    0x00001ec4   0x00001ec4   0x0000001c   Code   RO         1255    .text.DL_Timer_setCaptCompUpdateMethod  driverlib.a(dl_timer.o)
    0x00001ee0   0x00001ee0   0x00000018   Code   RO         1263    .text.DL_Timer_setCaptureCompareOutCtl  driverlib.a(dl_timer.o)
    0x00001ef8   0x00001ef8   0x00000010   Code   RO         1215    .text.DL_Timer_setCaptureCompareValue  driverlib.a(dl_timer.o)
    0x00001f08   0x00001f08   0x0000001c   Code   RO         1209    .text.DL_Timer_setClockConfig  driverlib.a(dl_timer.o)
    0x00001f24   0x00001f24   0x00000038   Code   RO          100    .text.DL_Timer_setCounterControl  ti_msp_dl_config.o
    0x00001f5c   0x00001f5c   0x00000018   Code   RO          366    .text.DL_Timer_startCounter  hal_timer.o
    0x00001f74   0x00001f74   0x00000016   Code   RO          116    .text.DL_UART_enable  ti_msp_dl_config.o
    0x00001f8a   0x00001f8a   0x00000002   PAD
    0x00001f8c   0x00001f8c   0x0000001c   Code   RO          114    .text.DL_UART_enableInterrupt  ti_msp_dl_config.o
    0x00001fa8   0x00001fa8   0x00000018   Code   RO           64    .text.DL_UART_enablePower  ti_msp_dl_config.o
    0x00001fc0   0x00001fc0   0x00000012   Code   RO          426    .text.DL_UART_getPendingInterrupt  hal_uart.o
    0x00001fd2   0x00001fd2   0x00000002   PAD
    0x00001fd4   0x00001fd4   0x00000048   Code   RO         1310    .text.DL_UART_init  driverlib.a(dl_uart.o)
    0x0000201c   0x0000201c   0x00000014   Code   RO          178    .text.DL_UART_isBusy  board.o
    0x00002030   0x00002030   0x00000018   Code   RO          412    .text.DL_UART_isBusy  hal_uart.o
    0x00002048   0x00002048   0x00000014   Code   RO          420    .text.DL_UART_receiveData  hal_uart.o
    0x0000205c   0x0000205c   0x00000018   Code   RO           56    .text.DL_UART_reset  ti_msp_dl_config.o
    0x00002074   0x00002074   0x0000004c   Code   RO          112    .text.DL_UART_setBaudRateDivisor  ti_msp_dl_config.o
    0x000020c0   0x000020c0   0x00000012   Code   RO         1312    .text.DL_UART_setClockConfig  driverlib.a(dl_uart.o)
    0x000020d2   0x000020d2   0x0000001e   Code   RO          110    .text.DL_UART_setOversampling  ti_msp_dl_config.o
    0x000020f0   0x000020f0   0x00000016   Code   RO          180    .text.DL_UART_transmitData  board.o
    0x00002106   0x00002106   0x00000016   Code   RO          414    .text.DL_UART_transmitData  hal_uart.o
    0x0000211c   0x0000211c   0x00000004   PAD
    0x00002120   0x00002120   0x00000044   Code   RO          984    .text.PendSV_Handler  port.o
    0x00002164   0x00002164   0x00000002   Code   RO          964    .text.SVC_Handler   port.o
    0x00002166   0x00002166   0x00000002   PAD
    0x00002168   0x00002168   0x0000006c   Code   RO           44    .text.SYSCFG_DL_ADC_VOLTAGE_init  ti_msp_dl_config.o
    0x000021d4   0x000021d4   0x00000034   Code   RO           34    .text.SYSCFG_DL_CAPTURE_LEFT_BACK_init  ti_msp_dl_config.o
    0x00002208   0x00002208   0x00000034   Code   RO           32    .text.SYSCFG_DL_CAPTURE_LEFT_FRONT_init  ti_msp_dl_config.o
    0x0000223c   0x0000223c   0x00000034   Code   RO           38    .text.SYSCFG_DL_CAPTURE_RIGHT_BACK_init  ti_msp_dl_config.o
    0x00002270   0x00002270   0x00000038   Code   RO           36    .text.SYSCFG_DL_CAPTURE_RIGHT_FRONT_init  ti_msp_dl_config.o
    0x000022a8   0x000022a8   0x00000148   Code   RO           26    .text.SYSCFG_DL_GPIO_init  ti_msp_dl_config.o
    0x000023f0   0x000023f0   0x000000dc   Code   RO           30    .text.SYSCFG_DL_PWM_MOTOR_init  ti_msp_dl_config.o
    0x000024cc   0x000024cc   0x0000001c   Code   RO           46    .text.SYSCFG_DL_SYSCTL_CLK_init  ti_msp_dl_config.o
    0x000024e8   0x000024e8   0x00000050   Code   RO           28    .text.SYSCFG_DL_SYSCTL_init  ti_msp_dl_config.o
    0x00002538   0x00002538   0x00000038   Code   RO           40    .text.SYSCFG_DL_TIMER_0_init  ti_msp_dl_config.o
    0x00002570   0x00002570   0x0000004c   Code   RO           42    .text.SYSCFG_DL_UART_0_DEBUG_init  ti_msp_dl_config.o
    0x000025bc   0x000025bc   0x0000005c   Code   RO           22    .text.SYSCFG_DL_init  ti_msp_dl_config.o
    0x00002618   0x00002618   0x000000c0   Code   RO           24    .text.SYSCFG_DL_initPower  ti_msp_dl_config.o
    0x000026d8   0x000026d8   0x0000002c   Code   RO          986    .text.SysTick_Handler  port.o
    0x00002704   0x00002704   0x0000000a   Code   RO         1052    .text.TIMG0_IRQHandler  bsp_encoder.o
    0x0000270e   0x0000270e   0x0000000a   Code   RO         1050    .text.TIMG6_IRQHandler  bsp_encoder.o
    0x00002718   0x00002718   0x0000000a   Code   RO         1048    .text.TIMG7_IRQHandler  bsp_encoder.o
    0x00002722   0x00002722   0x0000000a   Code   RO         1046    .text.TIMG8_IRQHandler  bsp_encoder.o
    0x0000272c   0x0000272c   0x00000008   Code   RO          186    .text.UART0_IRQHandler  board.o
    0x00002734   0x00002734   0x00000028   Code   RO          356    .text.__NVIC_ClearPendingIRQ  hal_timer.o
    0x0000275c   0x0000275c   0x0000002c   Code   RO          400    .text.__NVIC_ClearPendingIRQ  hal_uart.o
    0x00002788   0x00002788   0x00000028   Code   RO          358    .text.__NVIC_EnableIRQ  hal_timer.o
    0x000027b0   0x000027b0   0x0000002c   Code   RO          402    .text.__NVIC_EnableIRQ  hal_uart.o
    0x000027dc   0x000027dc   0x00000084   Code   RO          108    .text.__NVIC_SetPriority  ti_msp_dl_config.o
    0x00002860   0x00002860   0x000000fc   Code   RO          204    .text.app_control_task  app_main.o
    0x0000295c   0x0000295c   0x0000009c   Code   RO          198    .text.app_main_init  app_main.o
    0x000029f8   0x000029f8   0x0000004c   Code   RO          206    .text.app_menu_task  app_main.o
    0x00002a44   0x00002a44   0x00000236   Code   RO          259    .text.app_pid_compute  app_pid.o
    0x00002c7a   0x00002c7a   0x00000058   Code   RO          245    .text.app_pid_init  app_pid.o
    0x00002cd2   0x00002cd2   0x00000026   Code   RO          247    .text.app_pid_reset  app_pid.o
    0x00002cf8   0x00002cf8   0x00000018   Code   RO          251    .text.app_pid_set_integral_limit  app_pid.o
    0x00002d10   0x00002d10   0x00000022   Code   RO          249    .text.app_pid_set_params  app_pid.o
    0x00002d32   0x00002d32   0x00000010   Code   RO          257    .text.app_pid_set_setpoint  app_pid.o
    0x00002d42   0x00002d42   0x00000002   PAD
    0x00002d44   0x00002d44   0x00000050   Code   RO         1036    .text.bsp_encoder_counts_to_rpm  bsp_encoder.o
    0x00002d94   0x00002d94   0x000000a0   Code   RO         1032    .text.bsp_encoder_get_and_clear_all  bsp_encoder.o
    0x00002e34   0x00002e34   0x00000118   Code   RO         1020    .text.bsp_encoder_init  bsp_encoder.o
    0x00002f4c   0x00002f4c   0x00000110   Code   RO         1044    .text.bsp_encoder_irq_handler  bsp_encoder.o
    0x0000305c   0x0000305c   0x00000016   Code   RO         1067    .text.bsp_led_init  bsp_led.o
    0x00003072   0x00003072   0x0000000e   Code   RO         1073    .text.bsp_led_toggle  bsp_led.o
    0x00003080   0x00003080   0x000000a0   Code   RO          200    .text.bsp_modules_init  app_main.o
    0x00003120   0x00003120   0x00000008   Code   RO         1102    .text.bsp_motor_get_duty_max  bsp_motor.o
    0x00003128   0x00003128   0x000000d4   Code   RO         1084    .text.bsp_motor_init  bsp_motor.o
    0x000031fc   0x000031fc   0x0000010c   Code   RO         1088    .text.bsp_motor_set_speed  bsp_motor.o
    0x00003308   0x00003308   0x00000090   Code   RO         1098    .text.bsp_motor_stop  bsp_motor.o
    0x00003398   0x00003398   0x00000012   Code   RO         1158    .text.bsp_ringbuf_flush  bsp_uart.o
    0x000033aa   0x000033aa   0x00000048   Code   RO         1166    .text.bsp_ringbuf_get  bsp_uart.o
    0x000033f2   0x000033f2   0x00000022   Code   RO         1154    .text.bsp_ringbuf_init  bsp_uart.o
    0x00003414   0x00003414   0x0000004c   Code   RO         1176    .text.bsp_ringbuf_put  bsp_uart.o
    0x00003460   0x00003460   0x00000040   Code   RO         1164    .text.bsp_uart_getc  bsp_uart.o
    0x000034a0   0x000034a0   0x0000004c   Code   RO         1152    .text.bsp_uart_init  bsp_uart.o
    0x000034ec   0x000034ec   0x00000038   Code   RO         1174    .text.bsp_uart_irq_handler  bsp_uart.o
    0x00003524   0x00003524   0x00000034   Code   RO         1160    .text.bsp_uart_putc  bsp_uart.o
    0x00003558   0x00003558   0x00000010   Code   RO         1172    .text.bsp_uart_rx_flush  bsp_uart.o
    0x00003568   0x00003568   0x0000003e   Code   RO          255    .text.clamp_f       app_pid.o
    0x000035a6   0x000035a6   0x00000034   Code   RO         1090    .text.clamp_int32   bsp_motor.o
    0x000035da   0x000035da   0x00000002   PAD
    0x000035dc   0x000035dc   0x0000002c   Code   RO          188    .text.fputc         board.o
    0x00003608   0x00003608   0x0000003e   Code   RO          328    .text.hal_gpio_clear_pin  hal_gpio.o
    0x00003646   0x00003646   0x0000003e   Code   RO          332    .text.hal_gpio_read_pin  hal_gpio.o
    0x00003684   0x00003684   0x0000003e   Code   RO          324    .text.hal_gpio_set_pin  hal_gpio.o
    0x000036c2   0x000036c2   0x0000003e   Code   RO          336    .text.hal_gpio_toggle_pin  hal_gpio.o
    0x00003700   0x00003700   0x0000005a   Code   RO          330    .text.hal_gpio_write_pin  hal_gpio.o
    0x0000375a   0x0000375a   0x00000002   PAD
    0x0000375c   0x0000375c   0x0000005c   Code   RO          352    .text.hal_timer_enable_irq  hal_timer.o
    0x000037b8   0x000037b8   0x00000078   Code   RO          378    .text.hal_timer_get_irq_flag  hal_timer.o
    0x00003830   0x00003830   0x00000064   Code   RO          372    .text.hal_timer_set_pwm_duty  hal_timer.o
    0x00003894   0x00003894   0x00000044   Code   RO          364    .text.hal_timer_start  hal_timer.o
    0x000038d8   0x000038d8   0x00000050   Code   RO          396    .text.hal_uart_enable_irq  hal_uart.o
    0x00003928   0x00003928   0x0000004e   Code   RO          424    .text.hal_uart_get_irq_flag  hal_uart.o
    0x00003976   0x00003976   0x00000050   Code   RO          418    .text.hal_uart_receive  hal_uart.o
    0x000039c6   0x000039c6   0x00000002   PAD
    0x000039c8   0x000039c8   0x00000070   Code   RO          408    .text.hal_uart_transmit  hal_uart.o
    0x00003a38   0x00003a38   0x00000020   Code   RO          308    .text.is_port_valid  hal_gpio.o
    0x00003a58   0x00003a58   0x00000020   Code   RO          354    .text.is_timer_valid  hal_timer.o
    0x00003a78   0x00003a78   0x00000012   Code   RO          398    .text.is_uart_valid  hal_uart.o
    0x00003a8a   0x00003a8a   0x00000018   Code   RO            2    .text.main          main.o
    0x00003aa2   0x00003aa2   0x0000002e   Code   RO          222    .text.menu_led_heartbeat  app_main.o
    0x00003ad0   0x00003ad0   0x00000018   Code   RO          224    .text.menu_line_reset  app_main.o
    0x00003ae8   0x00003ae8   0x00000094   Code   RO          218    .text.menu_print_main  app_main.o
    0x00003b7c   0x00003b7c   0x000000d4   Code   RO          220    .text.menu_read_line  app_main.o
    0x00003c50   0x00003c50   0x00000120   Code   RO          208    .text.menu_state_main  app_main.o
    0x00003d70   0x00003d70   0x000000b0   Code   RO          210    .text.menu_state_motor_select  app_main.o
    0x00003e20   0x00003e20   0x000000bc   Code   RO          216    .text.menu_state_running  app_main.o
    0x00003edc   0x00003edc   0x000000ac   Code   RO          212    .text.menu_state_set_rpm  app_main.o
    0x00003f88   0x00003f88   0x00000104   Code   RO          214    .text.menu_state_tuning_pid  app_main.o
    0x0000408c   0x0000408c   0x00000048   Code   RO          226    .text.motor_stop_and_disable  app_main.o
    0x000040d4   0x000040d4   0x00000008   Code   RO          437    .text.osal_critical_enter  osal_critical.o
    0x000040dc   0x000040dc   0x00000008   Code   RO          439    .text.osal_critical_exit  osal_critical.o
    0x000040e4   0x000040e4   0x0000004a   Code   RO          508    .text.osal_task_create  osal_task.o
    0x0000412e   0x0000412e   0x0000001c   Code   RO          514    .text.osal_task_delay_ms  osal_task.o
    0x0000414a   0x0000414a   0x00000002   PAD
    0x0000414c   0x0000414c   0x00000094   Code   RO          202    .text.pid_controllers_init  app_main.o
    0x000041e0   0x000041e0   0x00000034   Code   RO          314    .text.port_to_regs  hal_gpio.o
    0x00004214   0x00004214   0x000000ac   Code   RO          726    .text.prvAddCurrentTaskToDelayedList  tasks.o
    0x000042c0   0x000042c0   0x000000dc   Code   RO          712    .text.prvAddNewTaskToReadyList  tasks.o
    0x0000439c   0x0000439c   0x00000068   Code   RO          864    .text.prvCheckForValidListAndQueue  timers.o
    0x00004404   0x00004404   0x00000050   Code   RO          830    .text.prvCheckTasksWaitingTermination  tasks.o
    0x00004454   0x00004454   0x00000044   Code   RO          612    .text.prvCopyDataFromQueue  queue.o
    0x00004498   0x00004498   0x000000d4   Code   RO          600    .text.prvCopyDataToQueue  queue.o
    0x0000456c   0x0000456c   0x00000050   Code   RO          718    .text.prvDeleteTCB  tasks.o
    0x000045bc   0x000045bc   0x00000038   Code   RO          898    .text.prvGetNextExpireTime  timers.o
    0x000045f4   0x000045f4   0x000000a8   Code   RO          931    .text.prvHeapInit   heap_4.o
    0x0000469c   0x0000469c   0x0000000e   Code   RO          750    .text.prvIdleTask   tasks.o
    0x000046aa   0x000046aa   0x00000046   Code   RO          578    .text.prvInitialiseNewQueue  queue.o
    0x000046f0   0x000046f0   0x00000118   Code   RO          710    .text.prvInitialiseNewTask  tasks.o
    0x00004808   0x00004808   0x0000007c   Code   RO          828    .text.prvInitialiseTaskLists  tasks.o
    0x00004884   0x00004884   0x000000bc   Code   RO          933    .text.prvInsertBlockIntoFreeList  heap_4.o
    0x00004940   0x00004940   0x00000080   Code   RO          910    .text.prvInsertTimerInActiveList  timers.o
    0x000049c0   0x000049c0   0x0000002a   Code   RO          614    .text.prvIsQueueEmpty  queue.o
    0x000049ea   0x000049ea   0x0000002e   Code   RO          602    .text.prvIsQueueFull  queue.o
    0x00004a18   0x00004a18   0x00000078   Code   RO          906    .text.prvProcessExpiredTimer  timers.o
    0x00004a90   0x00004a90   0x00000150   Code   RO          902    .text.prvProcessReceivedCommands  timers.o
    0x00004be0   0x00004be0   0x0000008c   Code   RO          900    .text.prvProcessTimerOrBlockTask  timers.o
    0x00004c6c   0x00004c6c   0x00000030   Code   RO          720    .text.prvResetNextTaskUnblockTime  tasks.o
    0x00004c9c   0x00004c9c   0x0000003c   Code   RO          904    .text.prvSampleTimeNow  timers.o
    0x00004cd8   0x00004cd8   0x000000b0   Code   RO          908    .text.prvSwitchTimerLists  timers.o
    0x00004d88   0x00004d88   0x00000030   Code   RO          962    .text.prvTaskExitError  port.o
    0x00004db8   0x00004db8   0x0000001e   Code   RO          866    .text.prvTimerTask  timers.o
    0x00004dd6   0x00004dd6   0x000000b6   Code   RO          604    .text.prvUnlockQueue  queue.o
    0x00004e8c   0x00004e8c   0x000001c0   Code   RO          929    .text.pvPortMalloc  heap_4.o
    0x0000504c   0x0000504c   0x0000004c   Code   RO          960    .text.pxPortInitialiseStack  port.o
    0x00005098   0x00005098   0x00000030   Code   RO         1096    .text.set_brake     bsp_motor.o
    0x000050c8   0x000050c8   0x00000030   Code   RO         1086    .text.set_coast     bsp_motor.o
    0x000050f8   0x000050f8   0x00000030   Code   RO         1092    .text.set_forward   bsp_motor.o
    0x00005128   0x00005128   0x00000034   Code   RO         1094    .text.set_reverse   bsp_motor.o
    0x0000515c   0x0000515c   0x00000034   Code   RO          410    .text.uart_to_regs  hal_uart.o
    0x00005190   0x00005190   0x00000008   Code   RO          980    .text.ulSetInterruptMaskFromISR  port.o
    0x00005198   0x00005198   0x00000048   Code   RO          565    .text.uxListRemove  list.o
    0x000051e0   0x000051e0   0x00000028   Code   RO            4    .text.vApplicationGetIdleTaskMemory  main.o
    0x00005208   0x00005208   0x00000028   Code   RO            6    .text.vApplicationGetTimerTaskMemory  main.o
    0x00005230   0x00005230   0x0000000a   Code   RO            8    .text.vApplicationStackOverflowHook  main.o
    0x0000523a   0x0000523a   0x00000006   Code   RO          982    .text.vClearInterruptMaskFromISR  port.o
    0x00005240   0x00005240   0x0000002c   Code   RO          557    .text.vListInitialise  list.o
    0x0000526c   0x0000526c   0x0000000e   Code   RO          559    .text.vListInitialiseItem  list.o
    0x0000527a   0x0000527a   0x0000006c   Code   RO          563    .text.vListInsert   list.o
    0x000052e6   0x000052e6   0x0000003a   Code   RO          561    .text.vListInsertEnd  list.o
    0x00005320   0x00005320   0x00000014   Code   RO          976    .text.vPortEnterCritical  port.o
    0x00005334   0x00005334   0x0000002c   Code   RO          978    .text.vPortExitCritical  port.o
    0x00005360   0x00005360   0x000000a0   Code   RO          935    .text.vPortFree     heap_4.o
    0x00005400   0x00005400   0x00000028   Code   RO          968    .text.vPortSetupTimerInterrupt  port.o
    0x00005428   0x00005428   0x00000008   PAD
    0x00005430   0x00005430   0x00000034   Code   RO          970    .text.vPortStartFirstTask  port.o
    0x00005464   0x00005464   0x00000018   Code   RO          974    .text.vPortYield    port.o
    0x0000547c   0x0000547c   0x0000006a   Code   RO          642    .text.vQueueWaitForMessageRestricted  queue.o
    0x000054e6   0x000054e6   0x00000002   PAD
    0x000054e8   0x000054e8   0x0000004c   Code   RO          730    .text.vTaskDelay    tasks.o
    0x00005534   0x00005534   0x0000001c   Code   RO          782    .text.vTaskInternalSetTimeOutState  tasks.o
    0x00005550   0x00005550   0x00000008   Code   RO          786    .text.vTaskMissedYield  tasks.o
    0x00005558   0x00005558   0x00000030   Code   RO          770    .text.vTaskPlaceOnEventList  tasks.o
    0x00005588   0x00005588   0x00000040   Code   RO          774    .text.vTaskPlaceOnEventListRestricted  tasks.o
    0x000055c8   0x000055c8   0x000000bc   Code   RO          748    .text.vTaskStartScheduler  tasks.o
    0x00005684   0x00005684   0x0000000c   Code   RO          724    .text.vTaskSuspendAll  tasks.o
    0x00005690   0x00005690   0x000000ec   Code   RO          742    .text.vTaskSwitchContext  tasks.o
    0x0000577c   0x0000577c   0x00000040   Code   RO          966    .text.xPortStartScheduler  port.o
    0x000057bc   0x000057bc   0x000000c0   Code   RO          576    .text.xQueueGenericCreateStatic  queue.o
    0x0000587c   0x0000587c   0x000000a0   Code   RO          574    .text.xQueueGenericReset  queue.o
    0x0000591c   0x0000591c   0x000001d2   Code   RO          590    .text.xQueueGenericSend  queue.o
    0x00005aee   0x00005aee   0x00000120   Code   RO          606    .text.xQueueGenericSendFromISR  queue.o
    0x00005c0e   0x00005c0e   0x000001a4   Code   RO          610    .text.xQueueReceive  queue.o
    0x00005db2   0x00005db2   0x00000002   PAD
    0x00005db4   0x00005db4   0x000000ac   Code   RO          784    .text.xTaskCheckForTimeOut  tasks.o
    0x00005e60   0x00005e60   0x00000092   Code   RO          714    .text.xTaskCreate   tasks.o
    0x00005ef2   0x00005ef2   0x00000094   Code   RO          708    .text.xTaskCreateStatic  tasks.o
    0x00005f86   0x00005f86   0x00000002   PAD
    0x00005f88   0x00005f88   0x00000034   Code   RO          802    .text.xTaskGetSchedulerState  tasks.o
    0x00005fbc   0x00005fbc   0x00000010   Code   RO          756    .text.xTaskGetTickCount  tasks.o
    0x00005fcc   0x00005fcc   0x00000140   Code   RO          754    .text.xTaskIncrementTick  tasks.o
    0x0000610c   0x0000610c   0x000000b8   Code   RO          806    .text.xTaskPriorityDisinherit  tasks.o
    0x000061c4   0x000061c4   0x00000098   Code   RO          776    .text.xTaskRemoveFromEventList  tasks.o
    0x0000625c   0x0000625c   0x00000134   Code   RO          728    .text.xTaskResumeAll  tasks.o
    0x00006390   0x00006390   0x00000078   Code   RO          862    .text.xTimerCreateTimerTask  timers.o
    0x00006408   0x00006408   0x00000090   Code   RO          874    .text.xTimerGenericCommand  timers.o
    0x00006498   0x00006498   0x00000020   Code   RO         1401    i.__0printf         mc_p.l(printfa.o)
    0x000064b8   0x000064b8   0x0000002e   Code   RO         1559    i.__ARM_clz         mf_p.l(depilogue.o)
    0x000064e6   0x000064e6   0x00000002   PAD
    0x000064e8   0x000064e8   0x00000008   Code   RO         1477    i.__aeabi_errno_addr  mc_p.l(errno.o)
    0x000064f0   0x000064f0   0x0000000e   Code   RO         1570    i.__scatterload_copy  mc_p.l(handlers.o)
    0x000064fe   0x000064fe   0x00000002   PAD
    0x00006500   0x00006500   0x00000002   Code   RO         1571    i.__scatterload_null  mc_p.l(handlers.o)
    0x00006502   0x00006502   0x00000006   PAD
    0x00006508   0x00006508   0x0000000e   Code   RO         1572    i.__scatterload_zeroinit  mc_p.l(handlers.o)
    0x00006516   0x00006516   0x00000002   PAD
    0x00006518   0x00006518   0x00000174   Code   RO         1408    i._fp_digits        mc_p.l(printfa.o)
    0x0000668c   0x0000668c   0x0000000e   Code   RO         1492    i._is_digit         mc_p.l(scanf_fp.o)
    0x0000669a   0x0000669a   0x00000002   PAD
    0x0000669c   0x0000669c   0x000006ec   Code   RO         1409    i._printf_core      mc_p.l(printfa.o)
    0x00006d88   0x00006d88   0x00000020   Code   RO         1410    i._printf_post_padding  mc_p.l(printfa.o)
    0x00006da8   0x00006da8   0x0000002c   Code   RO         1411    i._printf_pre_padding  mc_p.l(printfa.o)
    0x00006dd4   0x00006dd4   0x00000081   Data   RO         1524    .constdata          mc_p.l(ctype_o.o)
    0x00006e55   0x00006e55   0x00000003   PAD
    0x00006e58   0x00006e58   0x00000004   Data   RO         1525    .constdata          mc_p.l(ctype_o.o)
    0x00006e5c   0x00006e5c   0x0000000c   Data   RO         1301    .rodata..Lswitch.table.DL_Timer_initCompareMode  driverlib.a(dl_timer.o)
    0x00006e68   0x00006e68   0x00000008   Data   RO          151    .rodata.gADC_VOLTAGEClockConfig  ti_msp_dl_config.o
    0x00006e70   0x00006e70   0x00000010   Data   RO          142    .rodata.gCAPTURE_LEFT_BACKCaptureConfig  ti_msp_dl_config.o
    0x00006e80   0x00006e80   0x00000003   Data   RO          141    .rodata.gCAPTURE_LEFT_BACKClockConfig  ti_msp_dl_config.o
    0x00006e83   0x00006e83   0x00000001   PAD
    0x00006e84   0x00006e84   0x00000010   Data   RO          140    .rodata.gCAPTURE_LEFT_FRONTCaptureConfig  ti_msp_dl_config.o
    0x00006e94   0x00006e94   0x00000003   Data   RO          139    .rodata.gCAPTURE_LEFT_FRONTClockConfig  ti_msp_dl_config.o
    0x00006e97   0x00006e97   0x00000001   PAD
    0x00006e98   0x00006e98   0x00000010   Data   RO          146    .rodata.gCAPTURE_RIGHT_BACKCaptureConfig  ti_msp_dl_config.o
    0x00006ea8   0x00006ea8   0x00000003   Data   RO          145    .rodata.gCAPTURE_RIGHT_BACKClockConfig  ti_msp_dl_config.o
    0x00006eab   0x00006eab   0x00000001   PAD
    0x00006eac   0x00006eac   0x00000010   Data   RO          144    .rodata.gCAPTURE_RIGHT_FRONTCaptureConfig  ti_msp_dl_config.o
    0x00006ebc   0x00006ebc   0x00000003   Data   RO          143    .rodata.gCAPTURE_RIGHT_FRONTClockConfig  ti_msp_dl_config.o
    0x00006ebf   0x00006ebf   0x00000003   Data   RO          137    .rodata.gPWM_MOTORClockConfig  ti_msp_dl_config.o
    0x00006ec2   0x00006ec2   0x00000002   PAD
    0x00006ec4   0x00006ec4   0x00000008   Data   RO          138    .rodata.gPWM_MOTORConfig  ti_msp_dl_config.o
    0x00006ecc   0x00006ecc   0x00000028   Data   RO          136    .rodata.gSYSPLLConfig  ti_msp_dl_config.o
    0x00006ef4   0x00006ef4   0x00000003   Data   RO          147    .rodata.gTIMER_0ClockConfig  ti_msp_dl_config.o
    0x00006ef7   0x00006ef7   0x00000001   PAD
    0x00006ef8   0x00006ef8   0x00000014   Data   RO          148    .rodata.gTIMER_0TimerConfig  ti_msp_dl_config.o
    0x00006f0c   0x00006f0c   0x00000002   Data   RO          149    .rodata.gUART_0_DEBUGClockConfig  ti_msp_dl_config.o
    0x00006f0e   0x00006f0e   0x0000000a   Data   RO          150    .rodata.gUART_0_DEBUGConfig  ti_msp_dl_config.o
    0x00006f18   0x00006f18   0x00000030   Data   RO          236    .rodata.s_encoder_cfg  app_main.o
    0x00006f48   0x00006f48   0x00000008   Data   RO          344    .rodata.s_gpio_port_map  hal_gpio.o
    0x00006f50   0x00006f50   0x00000014   Data   RO          234    .rodata.s_menu_handlers  app_main.o
    0x00006f64   0x00006f64   0x00000060   Data   RO          235    .rodata.s_motor_cfg  app_main.o
    0x00006fc4   0x00006fc4   0x00000030   Data   RO          388    .rodata.s_timer_map  hal_timer.o
    0x00006ff4   0x00006ff4   0x00000004   Data   RO          429    .rodata.s_uart_inst_map  hal_uart.o
    0x00006ff8   0x00006ff8   0x00000001   Data   RO          428    .rodata.s_uart_irq_map  hal_uart.o
    0x00006ff9   0x00006ff9   0x000001db   Data   RO          228    .rodata.str1.1      app_main.o
    0x000071d4   0x000071d4   0x00000005   Data   RO          846    .rodata.str1.1      tasks.o
    0x000071d9   0x000071d9   0x00000008   Data   RO          913    .rodata.str1.1      timers.o
    0x000071e1   0x000071e1   0x00000003   PAD
    0x000071e4   0x000071e4   0x00000004   Data   RO          833    .rodata.uxTopUsedPriority  tasks.o
    0x000071e8   0x000071e8   0x00000020   Data   RO         1569    Region$$Table       anon$$obj.o


    Execution Region RW_IRAM2 (Exec base: 0x20200000, Load base: 0x00007208, Size: 0x00003680, Max: 0x00008000, ABSOLUTE)

    Exec Addr    Load Addr    Size         Type   Attr      Idx    E Section Name        Object

    0x20200000   0x00007208   0x00000004   Data   RW         1464    .data               mc_p.l(stdout.o)
    0x20200004   0x0000720c   0x00000004   Data   RW         1480    .data               mc_p.l(errno.o)
    0x20200008   0x00007210   0x00000004   Data   RW         1059    .data.s_encoder_sign  bsp_encoder.o
    0x2020000c   0x00007214   0x00000010   Data   RW          237    .data.s_motor_names  app_main.o
    0x2020001c   0x00007224   0x00000004   Data   RW          988    .data.uxCriticalNesting  port.o
    0x20200020        -       0x000000a0   Zero   RW          133    .bss.gCAPTURE_LEFT_BACKBackup  ti_msp_dl_config.o
    0x202000c0        -       0x000000a0   Zero   RW          134    .bss.gCAPTURE_RIGHT_FRONTBackup  ti_msp_dl_config.o
    0x20200160        -       0x000000bc   Zero   RW          132    .bss.gPWM_MOTORBackup  ti_msp_dl_config.o
    0x2020021c        -       0x000000bc   Zero   RW          135    .bss.gTIMER_0Backup  ti_msp_dl_config.o
    0x202002d8        -       0x000000f0   Zero   RW          921    .bss.prvCheckForValidListAndQueue.ucStaticTimerQueueStorage  timers.o
    0x202003c8        -       0x00000050   Zero   RW          920    .bss.prvCheckForValidListAndQueue.xStaticTimerQueue  timers.o
    0x20200418        -       0x00000004   Zero   RW          917    .bss.prvSampleTimeNow.xLastTime  timers.o
    0x2020041c        -       0x00000004   Zero   RW          832    .bss.pxCurrentTCB   tasks.o
    0x20200420        -       0x00000004   Zero   RW          915    .bss.pxCurrentTimerList  timers.o
    0x20200424        -       0x00000004   Zero   RW          841    .bss.pxDelayedTaskList  tasks.o
    0x20200428        -       0x00000004   Zero   RW          945    .bss.pxEnd          heap_4.o
    0x2020042c        -       0x00000004   Zero   RW          842    .bss.pxOverflowDelayedTaskList  tasks.o
    0x20200430        -       0x00000004   Zero   RW          916    .bss.pxOverflowTimerList  timers.o
    0x20200434        -       0x000000c8   Zero   RW          844    .bss.pxReadyTasksLists  tasks.o
    0x202004fc        -       0x00000020   Zero   RW          231    .bss.s_control_status  app_main.o
    0x2020051c        -       0x00000004   Zero   RW          229    .bss.s_control_task_handle  app_main.o
    0x20200520        -       0x00000004   Zero   RW         1055    .bss.s_encoder_cfg  bsp_encoder.o
    0x20200524        -       0x00000004   Zero   RW         1056    .bss.s_encoder_cfg_count  bsp_encoder.o
    0x20200528        -       0x00000010   Zero   RW         1058    .bss.s_encoder_count  bsp_encoder.o
    0x20200538        -       0x00000001   Zero   RW         1054    .bss.s_encoder_inited  bsp_encoder.o
    0x20200539   0x00007228   0x00000003   PAD
    0x2020053c        -       0x00000004   Zero   RW         1057    .bss.s_encoder_pulses_per_rev  bsp_encoder.o
    0x20200540        -       0x00000001   Zero   RW         1178    .bss.s_is_inited    bsp_uart.o
    0x20200541   0x00007228   0x00000003   PAD
    0x20200544        -       0x00000004   Zero   RW          230    .bss.s_menu_task_handle  app_main.o
    0x20200548        -       0x00000004   Zero   RW         1107    .bss.s_motor_cfg    bsp_motor.o
    0x2020054c        -       0x00000004   Zero   RW         1108    .bss.s_motor_cfg_count  bsp_motor.o
    0x20200550        -       0x00000004   Zero   RW          232    .bss.s_motor_enabled  app_main.o
    0x20200554        -       0x00000001   Zero   RW         1106    .bss.s_motor_inited  bsp_motor.o
    0x20200555   0x00007228   0x00000003   PAD
    0x20200558        -       0x000000f0   Zero   RW          233    .bss.s_pid          app_main.o
    0x20200648        -       0x00000004   Zero   RW         1110    .bss.s_pwm_period   bsp_motor.o
    0x2020064c        -       0x00000001   Zero   RW         1109    .bss.s_pwm_timer    bsp_motor.o
    0x2020064d        -       0x00000080   Zero   RW         1180    .bss.s_rx_buf       bsp_uart.o
    0x202006cd   0x00007228   0x00000003   PAD
    0x202006d0        -       0x00000010   Zero   RW         1179    .bss.s_rx_ringbuf   bsp_uart.o
    0x202006e0        -       0x00002800   Zero   RW          952    .bss.ucHeap         heap_4.o
    0x20202ee0        -       0x00000004   Zero   RW          837    .bss.uxCurrentNumberOfTasks  tasks.o
    0x20202ee4        -       0x00000004   Zero   RW          836    .bss.uxDeletedTasksWaitingCleanUp  tasks.o
    0x20202ee8        -       0x00000004   Zero   RW          839    .bss.uxSchedulerSuspended  tasks.o
    0x20202eec        -       0x00000004   Zero   RW          834    .bss.uxTaskNumber   tasks.o
    0x20202ef0        -       0x00000004   Zero   RW          845    .bss.uxTopReadyPriority  tasks.o
    0x20202ef4        -       0x00000200   Zero   RW           11    .bss.vApplicationGetIdleTaskMemory.s_idle_task_stack  main.o
    0x202030f4        -       0x00000060   Zero   RW           10    .bss.vApplicationGetIdleTaskMemory.s_idle_task_tcb  main.o
    0x20203154        -       0x00000200   Zero   RW           13    .bss.vApplicationGetTimerTaskMemory.s_timer_task_stack  main.o
    0x20203354        -       0x00000060   Zero   RW           12    .bss.vApplicationGetTimerTaskMemory.s_timer_task_tcb  main.o
    0x202033b4        -       0x00000014   Zero   RW          918    .bss.xActiveTimerList1  timers.o
    0x202033c8        -       0x00000014   Zero   RW          919    .bss.xActiveTimerList2  timers.o
    0x202033dc        -       0x00000004   Zero   RW          946    .bss.xBlockAllocatedBit  heap_4.o
    0x202033e0        -       0x00000014   Zero   RW          853    .bss.xDelayedTaskList1  tasks.o
    0x202033f4        -       0x00000014   Zero   RW          854    .bss.xDelayedTaskList2  tasks.o
    0x20203408        -       0x00000004   Zero   RW          947    .bss.xFreeBytesRemaining  heap_4.o
    0x2020340c        -       0x00000004   Zero   RW          847    .bss.xIdleTaskHandle  tasks.o
    0x20203410        -       0x00000004   Zero   RW          949    .bss.xMinimumEverFreeBytesRemaining  heap_4.o
    0x20203414        -       0x00000004   Zero   RW          848    .bss.xNextTaskUnblockTime  tasks.o
    0x20203418        -       0x00000004   Zero   RW          852    .bss.xNumOfOverflows  tasks.o
    0x2020341c        -       0x00000004   Zero   RW          950    .bss.xNumberOfSuccessfulAllocations  heap_4.o
    0x20203420        -       0x00000004   Zero   RW          951    .bss.xNumberOfSuccessfulFrees  heap_4.o
    0x20203424        -       0x00000004   Zero   RW          851    .bss.xPendedTicks   tasks.o
    0x20203428        -       0x00000014   Zero   RW          849    .bss.xPendingReadyList  tasks.o
    0x2020343c        -       0x00000004   Zero   RW          838    .bss.xSchedulerRunning  tasks.o
    0x20203440        -       0x00000008   Zero   RW          948    .bss.xStart         heap_4.o
    0x20203448        -       0x00000014   Zero   RW          843    .bss.xSuspendedTaskList  tasks.o
    0x2020345c        -       0x00000014   Zero   RW          835    .bss.xTasksWaitingTermination  tasks.o
    0x20203470        -       0x00000004   Zero   RW          840    .bss.xTickCount     tasks.o
    0x20203474        -       0x00000004   Zero   RW          912    .bss.xTimerQueue    timers.o
    0x20203478        -       0x00000004   Zero   RW          914    .bss.xTimerTaskHandle  timers.o
    0x2020347c        -       0x00000004   Zero   RW          850    .bss.xYieldPending  tasks.o
    0x20203480        -       0x00000200   Zero   RW          158    STACK               startup_mspm0g350x_uvision.o



  Load Region LR_BCR (Base: 0x41c00000, Size: 0x00000000, Max: 0x00000100, ABSOLUTE)

    Execution Region BCR_CONFIG (Exec base: 0x41c00000, Load base: 0x41c00000, Size: 0x00000000, Max: 0x000000ff, ABSOLUTE)

    **** No section assigned to this execution region ****



  Load Region LR_BSL (Base: 0x41c00100, Size: 0x00000000, Max: 0x00000100, ABSOLUTE)

    Execution Region BSL_CONFIG (Exec base: 0x41c00100, Load base: 0x41c00100, Size: 0x00000000, Max: 0x00000080, ABSOLUTE)

    **** No section assigned to this execution region ****


==============================================================================

Image component sizes


      Code (inc. data)   RO Data    RW Data    ZI Data      Debug   Object Name

      2378        184        639         16        284       7773   app_main.o
       828          0          0          0          0       3241   app_pid.o
        94          4          0          0          0       4983   board.o
       832         28          0          4         29       6116   bsp_encoder.o
        36          0          0          0          0       1248   bsp_led.o
       880         24          0          0         14       4479   bsp_motor.o
       464         12          0          0        145       3615   bsp_uart.o
       512         12          8          0          0       8206   hal_gpio.o
       534          8         48          0          0       8420   hal_timer.o
       592         28          5          0          0       7620   hal_uart.o
       964         60          0          0      10272       4052   heap_4.o
       296          0          0          0          0       2096   list.o
       114         16          0          0       1216       2253   main.o
        16          0          0          0          0        497   osal_critical.o
       102          0          0          0          0       1551   osal_task.o
       496         52          0          4          0       2531   port.o
      2252          0          0          0          0      13353   queue.o
        20          4        192          0        512        632   startup_mspm0g350x_uvision.o
      3176        208          9          0        360      22157   tasks.o
      2660        280        170          0        696      32780   ti_msp_dl_config.o
      1414        108          8          0        380       9730   timers.o

    ----------------------------------------------------------------------
     18700       1036       1120         24      13920     147333   Object Totals
         0          0         32          0          0          0   (incl. Generated)
        40          8          9          0         12          0   (incl. Padding)

    ----------------------------------------------------------------------

      Code (inc. data)   RO Data    RW Data    ZI Data      Debug   Library Member Name

        64          8          0          0          0       4721   dl_adc12.o
        10          0          0          0          0        802   dl_common.o
       312         24          0          0          0      12876   dl_sysctl_mspm0g1x0x_g3x0x.o
       816        212         12          0          0      41556   dl_timer.o
        90          8          0          0          0      14162   dl_uart.o
        30          0          0          0          0         60   _chval.o
       824         12          0          0          0         84   _scanf.o
       330          0          0          0          0         84   _scanf_int.o
       330          0          0          0          0         84   _scanf_longlong.o
       232          0          0          0          0         84   _scanf_str.o
        68          0          0          0          0         76   _sgetc.o
       166          0          0          0          0         84   _strtoul.o
        26          0          0          0          0         72   atoi.o
         8          4        133          0          0         60   ctype_o.o
         0          0          0          0          0          0   entry.o
         0          0          0          0          0          0   entry10a.o
         0          0          0          0          0          0   entry11a.o
         8          4          0          0          0          0   entry2.o
         4          0          0          0          0          0   entry5.o
         0          0          0          0          0          0   entry7b.o
         0          0          0          0          0          0   entry8b.o
         8          4          0          0          0          0   entry9a.o
         8          4          0          4          0         60   errno.o
        30          0          0          0          0          0   handlers.o
        36          8          0          0          0         68   init.o
        18          0          0          0          0         68   isspace_o.o
         0          0          0          0          0          0   iusefp.o
        76          0          0          0          0         76   ldiv.o
        48          0          0          0          0         72   llmul.o
        32          0          0          0          0         68   llshl.o
        38          0          0          0          0         68   llsshr.o
        34          0          0          0          0         68   llushr.o
        36          0          0          0          0         60   memcpya.o
        36          0          0          0          0        100   memseta.o
      2252         98          0          0          0        412   printfa.o
        44          8          0          0          0         84   scanf_char.o
       898         14          0          0          0        184   scanf_fp.o
        60         10          0          0          0         84   sscanf.o
         0          0          0          4          0          0   stdout.o
       112          4          0          0          0         76   strtol.o
        62          0          0          0          0         72   uidiv_div0.o
        96          0          0          0          0         84   uldiv.o
        40          2          0          0          0         68   cdrcmple.o
        56          0          0          0          0         68   d2f.o
       356          4          0          0          0        140   dadd.o
       240          6          0          0          0         84   ddiv.o
       236          0          0          0          0        216   depilogue.o
        64         10          0          0          0         68   dfixul.o
        28          6          0          0          0         68   dfltul.o
       208          6          0          0          0         88   dmul.o
        40          0          0          0          0         60   f2d.o
       178          0          0          0          0        108   fadd.o
        28          0          0          0          0         60   fcmpge.o
        28          0          0          0          0         60   fcmple.o
       124          0          0          0          0         72   fdiv.o
       130          0          0          0          0        144   fepilogue.o
        50          0          0          0          0         60   ffixi.o
        22          0          0          0          0         68   fflti.o
        14          0          0          0          0         68   ffltui.o
       122          0          0          0          0         72   fmul.o

    ----------------------------------------------------------------------
      9224        456        148          8          0      78081   Library Totals
        18          0          3          0          0          0   (incl. Padding)

    ----------------------------------------------------------------------

      Code (inc. data)   RO Data    RW Data    ZI Data      Debug   Library Name

      1292        252         12          0          0      74117   driverlib.a
      5950        170        133          8          0       2392   mc_p.l
      1964         34          0          0          0       1572   mf_p.l

    ----------------------------------------------------------------------
      9224        456        148          8          0      78081   Library Totals

    ----------------------------------------------------------------------

==============================================================================


      Code (inc. data)   RO Data    RW Data    ZI Data      Debug   

     27924       1492       1268         32      13920     223054   Grand Totals
     27924       1492       1268         32      13920     223054   ELF Image Totals
     27924       1492       1268         32          0          0   ROM Totals

==============================================================================

    Total RO  Size (Code + RO Data)                29192 (  28.51kB)
    Total RW  Size (RW Data + ZI Data)             13952 (  13.62kB)
    Total ROM Size (Code + RO Data + RW Data)      29224 (  28.54kB)

==============================================================================

