<html>
<body>
<pre>
<h1>µVision Build Log</h1>
<h2>Tool Versions:</h2>
IDE-Version: ¦ÌVision V5.37.0.0
Copyright (C) 2022 ARM Ltd and ARM Germany GmbH. All rights reserved.
License Information: 123 597458410@qq.com, 123, LIC=0VRJ7-EATQE-PH889-4SK28-XLR2E-0JCHU
 
Tool Versions:
Toolchain:       MDK-ARM Professional  Version: 5.37.0.0
Toolchain Path:  D:\Keil5\Core\ARM\ARMCLANG\Bin
C Compiler:      ArmClang.exe V6.18
Assembler:       Armasm.exe V6.18
Linker/Locator:  ArmLink.exe V6.18
Library Manager: ArmAr.exe V6.18
Hex Converter:   FromElf.exe V6.18
CPU DLL:         SARMCM3.DLL V5.37.0.0
Dialog DLL:      DARMCM1.DLL V1.19.6.0
Target DLL:      Segger\JL2CM3.dll V2.99.42.0
Dialog DLL:      TARMCM1.DLL V1.14.6.0
 
<h2>Project:</h2>
D:\msp_project\MSPM0G3507_Project\MSPM0G3507_FreeRTOS\keil\empty_LP_MSPM0G3507_nortos_keil.uvprojx
Project File Date:  05/02/2026

<h2>Output:</h2>
*** Using Compiler 'V6.18', folder: 'D:\Keil5\Core\ARM\ARMCLANG\Bin'
Rebuild target 'empty_LP_MSPM0G3507_nortos_keil'
Before Build - User command #1: cmd.exe /C "D:\msp_project\MSPM0G3507_Project\MSPM0G3507_FreeRTOS\keil\../../tools/keil/syscfg.bat 'D:\msp_project\MSPM0G3507_Project\MSPM0G3507_FreeRTOS\keil\' empty.syscfg"
Using Sysconfig Tool from "D:\Ti\sysconfig\sysconfig_cli.bat"
"Update the file located at <sdk path>/tools/keil/syscfg.bat to use a different version"
Running script...
Validating...
warning: /ti/driverlib/SYSCTL: For best practices when the CPUCLK is running at 32MHz and above, clear the flash status bit using DL_FlashCTL_executeClearStatus() before executing any flash operation. Otherwise there may be false positives.
info: ADC_VOLTAGE(/ti/driverlib/ADC12) totalConversionRate: When Power Down Mode is set to Auto, ADC wakeup time may need to be considered in each sample window. Refer to the device specific data sheet for specifications on the ADC Wakeup Time.
info: CAPTURE_LEFT_BACK(/ti/driverlib/CAPTURE): Peripheral does not retain register contents in STOP or STANDBY modes. User should take care to save and restore register configuration in application. See Retention Configuration section for more details.
info: CAPTURE_RIGHT_FRONT(/ti/driverlib/CAPTURE): Peripheral does not retain register contents in STOP or STANDBY modes. User should take care to save and restore register configuration in application. See Retention Configuration section for more details.
info: PWM_MOTOR(/ti/driverlib/PWM): Peripheral does not retain register contents in STOP or STANDBY modes. User should take care to save and restore register configuration in application. See Retention Configuration section for more details.
info: TIMER_0(/ti/driverlib/TIMER): Peripheral does not retain register contents in STOP or STANDBY modes. User should take care to save and restore register configuration in application. See Retention Configuration section for more details.
0 error(s), 1 warning(s)
Generating Code (empty.syscfg)...
Unchanged D:\msp_project\MSPM0G3507_Project\MSPM0G3507_FreeRTOS\ti_msp_dl_config.c...
Writing D:\msp_project\MSPM0G3507_Project\MSPM0G3507_FreeRTOS\ti_msp_dl_config.h...
Unchanged D:\msp_project\MSPM0G3507_Project\MSPM0G3507_FreeRTOS\Event.dot...
compiling app_pid.c...
assembling startup_mspm0g350x_uvision.s...
compiling hal_adc.c...
compiling board.c...
compiling hal_gpio.c...
compiling main.c...
compiling ti_msp_dl_config.c...
compiling app_main.c...
compiling hal_timer.c...
compiling osal_critical.c...
compiling osal_delay.c...
compiling osal_mutex.c...
compiling osal_sem.c...
compiling osal_queue.c...
compiling osal_task.c...
compiling hal_uart.c...
compiling croutine.c...
compiling list.c...
compiling event_groups.c...
compiling queue.c...
compiling heap_4.c...
compiling timers.c...
compiling port.c...
compiling stream_buffer.c...
compiling tasks.c...
compiling bsp_motor.c...
compiling bsp_led.c...
compiling bsp_adc.c...
compiling bsp_encoder.c...
compiling bsp_soft_i2c.c...
compiling bsp_uart.c...
linking...
Program Size: Code=27940 RO-data=1268 RW-data=32 ZI-data=13920  
FromELF: creating hex file...
".\Objects\empty_LP_MSPM0G3507_nortos_keil.axf" - 0 Error(s), 0 Warning(s).

<h2>Software Packages used:</h2>

Package Vendor: TexasInstruments
                https://software-dl.ti.com/msp430/esd/MSPM0-CMSIS/MSPM0G1X0X_G3X0X/latest/exports/TexasInstruments.MSPM0G1X0X_G3X0X_DFP.1.3.1.pack
                TexasInstruments.MSPM0G1X0X_G3X0X_DFP.1.3.1
                Device Family Pack for Texas Instruments MSPM0G1X0X_G3X0X Series

<h2>Collection of Component include folders:</h2>

<h2>Collection of Component Files used:</h2>
Build Time Elapsed:  00:00:04
</pre>
</body>
</html>
